Command: /home/julien/.espressif/python_env/idf5.5_py3.10_env/bin/python /home/julien/esp/esp-idf/tools/idf_monitor.py -p /dev/ttyUSB0 -b 115200 --toolchain-prefix xtensa-esp32-elf- --target esp32 --revision 0 /home/julien/Documents/esp32IDF/hello_world/build/hello_world.elf /home/julien/Documents/esp32IDF/hello_world/build/bootloader/bootloader.elf -m '/home/julien/.espressif/python_env/idf5.5_py3.10_env/bin/python' '/home/julien/esp/esp-idf/tools/idf.py'
ets Jun  8 2016 0:22:57

rst:0x1(POWERN_RESET),boot:0x1 (SPI_AST_FLASH_BOOT)configip: 0, SPIWP:0xe
clk_rv:0x00,q_drv:0x00d_drv:0x00,cs0_drv:0x00hd_drv:0x00,wp_drv:0x00
ode:DIO, clock di:2
lod:0x3fff0030,len:368
lad:0x40078000,len15880
load:0x40080400,len3860
entry 0x4000638
[0;32mI (27) boot: ESP-IDF v5.5-dev-2290-g94cfe394fe 2nd stage bootloader[0m
[0;32mI (27) boot: compile time Mar 11 2025 12:22:36[0m
[0;32mI (27) boot: Multicore bootloader[0m
[0;32mI (30) boot: chip revision: v1.1[0m
[0;32mI (32) boot.esp32: SPI Speed      : 40MHz[0m
[0;32mI (36) boot.esp32: SPI Mode       : DIO[0m
[0;32mI (40) boot.esp32: SPI Flash Size : 4MB[0m
[0;32mI (43) boot: Enabling RNG early entropy source...[0m
[0;32mI (48) boot: Partition Table:[0m
[0;32mI (50) boot: ## Label            Usage          Type ST Offset   Length[0m
[0;32mI (57) boot:  0 nvs              WiFi data        01 02 00009000 00006000[0m
[0;32mI (63) boot:  1 otadata          OTA data         01 00 0000f000 00002000[0m
[0;32mI (70) boot:  2 phy_init         RF data          01 01 00011000 00001000[0m
[0;32mI (76) boot:  3 ota_0            OTA app          00 10 00020000 001a9000[0m
[0;32mI (83) boot:  4 ota_1            OTA app          00 11 001d0000 001a9000[0m
[0;32mI (89) boot: End of partition table[0m
[0;32mI (92) boot: No factory image, trying OTA 0[0m
[0;32mI (96) esp_image: segment 0: paddr=00020020 vaddr=3f400020 size=387e8h (231400) map[0m
[0;32mI (183) esp_image: segment 1: paddr=00058810 vaddr=3ff80000 size=0001ch (    28) load[0m
[0;32mI (183) esp_image: segment 2: paddr=00058834 vaddr=3ffb0000 size=0400ch ( 16396) load[0m
[0;32mI (193) esp_image: segment 3: paddr=0005c848 vaddr=40080000 size=037d0h ( 14288) load[0m
[0;32mI (200) esp_image: segment 4: paddr=00060020 vaddr=400d0020 size=a25f8h (665080) map[0m
[0;32mI (429) esp_image: segment 5: paddr=00102620 vaddr=400837d0 size=147f4h ( 83956) load[0m
[0;32mI (474) boot: Loaded app from partition at offset 0x20000[0m
[0;32mI (488) boot: Set actual ota_seq=1 in otadata[0][0m
[0;32mI (488) boot: Disabling RNG early entropy source...[0m
[0;32mI (498) cpu_start: Multicore app[0m
D (498) cpu_start: Pro cpu up
D (498) cpu_start: Starting app cpu, entry point is 0x40081540
D (0) cpu_start: App cpu up
D (507) clk: RTC_SLOW_CLK calibration value: 3070208
D (518) cpu_start: calling init function: 0x400d2f84 on core: 0
D (519) cpu_start: calling init function: 0x400d35f0 on core: 0
[0;32mI (520) cpu_start: Pro cpu start user code[0m
[0;32mI (524) cpu_start: cpu freq: 160000000 Hz[0m
D (528) cpu_start: calling init function: 0x400d2ec4 on core: 0
[0;32mI (533) app_init: Application information:[0m
[0;32mI (537) app_init: Project name:     hello_world[0m
[0;32mI (542) app_init: App version:      210f178-dirty[0m
[0;32mI (546) app_init: Compile time:     Mar 11 2025 12:22:32[0m
[0;32mI (551) app_init: ELF file SHA256:  b948b7539...[0m
[0;32mI (555) app_init: ESP-IDF:          v5.5-dev-2290-g94cfe394fe[0m
D (561) cpu_start: calling init function: 0x400d2f98 on core: 0
[0;32mI (566) efuse_init: Min chip rev:     v0.0[0m
[0;32mI (570) efuse_init: Max chip rev:     v3.99 [0m
[0;32mI (574) efuse_init: Chip rev:         v1.1[0m
D (578) cpu_start: calling init function: 0x400d4f60 on core: 0
D (584) memory_layout: Checking 9 reserved memory ranges:
D (589) memory_layout: Reserved memory range 0x3ff82000 - 0x3ff82000
D (595) memory_layout: Reserved memory range 0x3ffae000 - 0x3ffae6e0
D (601) memory_layout: Reserved memory range 0x3ffb0000 - 0x3ffb8970
D (607) memory_layout: Reserved memory range 0x3ffe0000 - 0x3ffe0440
D (613) memory_layout: Reserved memory range 0x3ffe3f20 - 0x3ffe4350
D (619) memory_layout: Reserved memory range 0x40070000 - 0x40078000
D (625) memory_layout: Reserved memory range 0x40078000 - 0x40080000
D (631) memory_layout: Reserved memory range 0x40080000 - 0x40097fc4
D (637) memory_layout: Reserved memory range 0x50001fe8 - 0x50002000
D (644) memory_layout: Building list of available memory regions:
D (649) memory_layout: Available memory region 0x3ffae6e0 - 0x3ffb0000
D (656) memory_layout: Available memory region 0x3ffb8970 - 0x3ffc0000
D (662) memory_layout: Available memory region 0x3ffc0000 - 0x3ffc2000
D (668) memory_layout: Available memory region 0x3ffc2000 - 0x3ffc4000
D (674) memory_layout: Available memory region 0x3ffc4000 - 0x3ffc6000
D (681) memory_layout: Available memory region 0x3ffc6000 - 0x3ffc8000
D (687) memory_layout: Available memory region 0x3ffc8000 - 0x3ffca000
D (693) memory_layout: Available memory region 0x3ffca000 - 0x3ffcc000
D (699) memory_layout: Available memory region 0x3ffcc000 - 0x3ffce000
D (706) memory_layout: Available memory region 0x3ffce000 - 0x3ffd0000
D (712) memory_layout: Available memory region 0x3ffd0000 - 0x3ffd2000
D (718) memory_layout: Available memory region 0x3ffd2000 - 0x3ffd4000
D (724) memory_layout: Available memory region 0x3ffd4000 - 0x3ffd6000
D (731) memory_layout: Available memory region 0x3ffd6000 - 0x3ffd8000
D (737) memory_layout: Available memory region 0x3ffd8000 - 0x3ffda000
D (743) memory_layout: Available memory region 0x3ffda000 - 0x3ffdc000
D (749) memory_layout: Available memory region 0x3ffdc000 - 0x3ffde000
D (756) memory_layout: Available memory region 0x3ffde000 - 0x3ffe0000
D (762) memory_layout: Available memory region 0x3ffe0440 - 0x3ffe3f20
D (768) memory_layout: Available memory region 0x3ffe4350 - 0x3ffe8000
D (774) memory_layout: Available memory region 0x3ffe8000 - 0x3fff0000
D (781) memory_layout: Available memory region 0x3fff0000 - 0x3fff8000
D (787) memory_layout: Available memory region 0x3fff8000 - 0x3fffc000
D (793) memory_layout: Available memory region 0x3fffc000 - 0x40000000
D (799) memory_layout: Available memory region 0x40097fc4 - 0x40098000
D (806) memory_layout: Available memory region 0x40098000 - 0x4009a000
D (812) memory_layout: Available memory region 0x4009a000 - 0x4009c000
D (818) memory_layout: Available memory region 0x4009c000 - 0x4009e000
D (824) memory_layout: Available memory region 0x4009e000 - 0x400a0000
[0;32mI (831) heap_init: Initializing. RAM available for dynamic allocation:[0m
D (837) heap_init: New heap initialised at 0x3ffae6e0
[0;32mI (842) heap_init: At 3FFAE6E0 len 00001920 (6 KiB): DRAM[0m
D (847) heap_init: New heap initialised at 0x3ffb8970
[0;32mI (852) heap_init: At 3FFB8970 len 00027690 (157 KiB): DRAM[0m
[0;32mI (857) heap_init: At 3FFE0440 len 00003AE0 (14 KiB): D/IRAM[0m
[0;32mI (862) heap_init: At 3FFE4350 len 0001BCB0 (111 KiB): D/IRAM[0m
D (868) heap_init: New heap initialised at 0x40097fc4
[0;32mI (872) heap_init: At 40097FC4 len 0000803C (32 KiB): IRAM[0m
D (878) cpu_start: calling init function: 0x400d2c14 on core: 0
D (883) cpu_start: calling init function: 0x400d608c on core: 0
D (889) cpu_start: calling init function: 0x400d3634 on core: 0
D (895) intr_alloc: Connected src 46 to int 1 (cpu 0)
D (899) cpu_start: calling init function: 0x400d3640 on core: 0
D (905) cpu_start: calling init function: 0x400d7860 on core: 0
D (911) cpu_start: calling init function: 0x400d9a54 on core: 0
D (916) cpu_start: calling init function: 0x400d8264 on core: 0
D (922) cpu_start: calling init function: 0x400d6098 on core: 0
D (928) cpu_start: calling init function: 0x400d364c on core: 0
D (933) spi_flash: trying chip: issi
D (937) spi_flash: trying chip: gd
D (940) spi_flash: trying chip: mxic
D (943) spi_flash: trying chip: winbond
D (946) spi_flash: trying chip: generic
[0;32mI (950) spi_flash: detected chip: generic[0m
[0;32mI (954) spi_flash: flash io: dio[0m
D (957) cpu_start: calling init function: 0x400d3024 on core: 0
D (962) cpu_start: calling init function: 0x401543a8
D (967) cpu_start: calling init function: 0x400ffa64
D (972) cpu_start: calling init function: 0x400e6124
D (977) cpu_start: calling init function: 0x400e30f0
D (981) cpu_start: calling init function: 0x400df9cc
[0;33mW (986) ADC: legacy driver is deprecated, please migrate to `esp_adc/adc_oneshot.h`[0m
D (993) cpu_start: calling init function: 0x400df92c
[0;33mW (998) i2s(legacy): legacy i2s driver is deprecated, please migrate to use driver/i2s_std.h, driver/i2s_pdm.h or driver/i2s_tdm.h[0m
D (1009) cpu_start: calling init function: 0x40088c80
D (1014) cpu_start: calling init function: 0x400d447c
D (1019) cpu_start: calling init function: 0x40143dc0 on core: 0
D (1025) intr_alloc: Connected src 17 to int 2 (cpu 0)
D (1029) cpu_start: calling init function: 0x40168774 on core: 0
D (1035) cpu_start: calling init function: 0x400d367c on core: 0
D (1041) intr_alloc: Connected src 24 to int 3 (cpu 0)
D (1046) app_start: Starting scheduler on CPU0
I (105D (1050) intr_alloc: Connected src 25 to int 1 (cpu 1)
D (1050) app_start: Starting scheduler on CPU1
0) main_task: Started on CPU0
D (1060) heap_init: New heap initialised at 0x3ffe0440
D (1060) heap_init: New heap initialised at 0x3ffe4350
D (1070) intr_alloc: Connected src 16 to int 5 (cpu 0)
[0;32mI (1070) main_task: Calling app_main()[0m
[0;32mI (1120) wifi:wifi driver task: 3ffc0a64, prio:23, stack:6656, core=0[0m
[0;32mI (1130) wifi:wifi firmware version: 3a3aca644[0m
[0;32mI (1140) wifi:wifi certification version: v7.0[0m
[0;32mI (1140) wifi:config NVS flash: enabled[0m
[0;32mI (1140) wifi:config nano formatting: disabled[0m
[0;32mI (1140) wifi:Init data frame dynamic rx buffer num: 32[0m
[0;32mI (1150) wifi:Init static rx mgmt buffer num: 5[0m
[0;32mI (1150) wifi:Init management short buffer num: 32[0m
[0;32mI (1150) wifi:Init dynamic tx buffer num: 32[0m
[0;32mI (1160) wifi:Init static rx buffer size: 1600[0m
[0;32mI (1160) wifi:Init static rx buffer num: 10[0m
[0;32mI (1170) wifi:Init dynamic rx buffer num: 32[0m
[0;32mI (1170) wifi_init: rx ba win: 6[0m
[0;32mI (1170) wifi_init: accept mbox: 6[0m
[0;32mI (1180) wifi_init: tcpip mbox: 32[0m
[0;32mI (1180) wifi_init: udp mbox: 6[0m
[0;32mI (1180) wifi_init: tcp mbox: 6[0m
[0;32mI (1180) wifi_init: tcp tx win: 5760[0m
[0;32mI (1190) wifi_init: tcp rx win: 5760[0m
[0;32mI (1190) wifi_init: tcp mss: 1440[0m
[0;32mI (1190) wifi_init: WiFi IRAM OP enabled[0m
[0;32mI (1200) wifi_init: WiFi RX IRAM OP enabled[0m
[0;32mI (1220) phy_init: phy_version 4860,6b7a6e5,Feb  6 2025,14:47:07[0m
[0;32mI (1300) wifi:mode : sta (94:54:c5:b5:f9:ec)[0m
[0;32mI (1300) wifi:enable tsf[0m
[0;32mI (1300) wifi:Set ps type: 0, coexist: 0[0m

[0;32mI (1300) WebSocketTest: Wi-Fi init done. SSID=Partagedeco[0m
[0;32mI (1310) WebSocketTest: Audio player init done.[0m
[0;32mI (1310) WebSocketTest: Waiting for Wi-Fi + WebSocket connection...[0m
[0;32mI (1310) main_task: Returned from app_main()[0m
[0;32mI (1330) wifi:new:<6,0>, old:<1,0>, ap:<255,255>, sta:<6,0>, prof:1, snd_ch_cfg:0x0[0m
[0;32mI (1330) wifi:state: init -> auth (0xb0)[0m
[0;32mI (1340) wifi:state: auth -> assoc (0x0)[0m
[0;32mI (1350) wifi:state: assoc -> run (0x10)[0m
[0;32mI (1360) wifi:connected with Partagedeco, aid = 1, channel 6, BW20, bssid = aa:f0:fe:0d:99:0e[0m
[0;32mI (1360) wifi:security: WPA2-PSK, phy: bgn, rssi: -53[0m
[0;32mI (1370) wifi:pm start, type: 0[0m

[0;32mI (1370) wifi:dp: 1, bi: 102400, li: 3, scale listen interval from 307200 us to 307200 us[0m
[0;32mI (1430) wifi:dp: 2, bi: 102400, li: 4, scale listen interval from 307200 us to 409600 us[0m
[0;32mI (1430) wifi:AP's beacon interval = 102400 us, DTIM period = 2[0m
[0;32mI (2430) esp_netif_handlers: sta ip: 10.178.57.71, mask: 255.255.255.0, gw: 10.178.57.21[0m
[0;32mI (2430) WebSocketTest: Got IP: 10.178.57.71[0m
[0;32mI (2430) WebSocketTest: Starting WebSocket...[0m
[0;32mI (2430) websocket_client: Started[0m
[0;32mI (2430) WebSocketTest: WebSocket started => wss://api.interaction-labs.com/esp/test[0m
[0;32mI (2530) wifi:<ba-add>idx:0 (ifx:0, aa:f0:fe:0d:99:0e), tid:0, ssn:3, winSize:64[0m
[0;32mI (3360) esp-x509-crt-bundle: Certificate validated[0m
[1;31mE (4340) transport_ws: Sec-WebSocket-Accept not found[0m
[1;31mE (4340) websocket_client: esp_transport_connect() failed with -1, transport_error=ESP_OK, tls_error_code=0, tls_flags=0, esp_ws_handshake_status_code=502, errno=119[0m
[0;33mW (4350) WebSocketTest: WebSocket error[0m
[0;32mI (4350) websocket_client: Reconnect after 5000 ms[0m
[0;33mW (4350) WebSocketTest: WebSocket disconnected[0m
[0;32mI (10310) esp-x509-crt-bundle: Certificate validated[0m
ets Jun   206 0022:57

rst:0x1 (OWEON_RESET),boot:0x1 (SI_FAST_FLASH_BOOT)
cofigsip: 0, SPIWP:0xe
lk_drv:0x00,q_drv:x00d_dr:0x00,cs0_drv0x00hd_rv:0x00,wp_drv0x00
moe:DIO, clock dv:2loa:0x3fff0030,le:636
load:0x40078000,ln:1880
load:0x4008040,len3860
entry 0x008038
[0;32mI (26) boot: ESP-IDF v5.5-dev-2290-g94cfe394fe 2nd stage bootloader[0m
[0;32mI (27) boot: compile time Mar 11 2025 12:22:36[0m
[0;32mI (27) boot: Multicore bootloader[0m
[0;32mI (30) boot: chip revision: v1.1[0m
[0;32mI (32) boot.esp32: SPI Speed      : 40MHz[0m
[0;32mI (36) boot.esp32: SPI Mode       : DIO[0m
[0;32mI (40) boot.esp32: SPI Flash Size : 4MB[0m
[0;32mI (43) boot: Enabling RNG early entropy source...[0m
[0;32mI (48) boot: Partition Table:[0m
[0;32mI (50) boot: ## Label            Usage          Type ST Offset   Length[0m
[0;32mI (57) boot:  0 nvs              WiFi data        01 02 00009000 00006000[0m
[0;32mI (63) boot:  1 otadata          OTA data         01 00 0000f000 00002000[0m
[0;32mI (70) boot:  2 phy_init         RF data          01 01 00011000 00001000[0m
[0;32mI (76) boot:  3 ota_0            OTA app          00 10 00020000 001a9000[0m
[0;32mI (83) boot:  4 ota_1            OTA app          00 11 001d0000 001a9000[0m
[0;32mI (89) boot: End of partition table[0m
[0;32mI (93) esp_image: segment 0: paddr=00020020 vaddr=3f400020 size=387e8h (231400) map[0m
[0;32mI (179) esp_image: segment 1: paddr=00058810 vaddr=3ff80000 size=0001ch (    28) load[0m
[0;32mI (179) esp_image: segment 2: paddr=00058834 vaddr=3ffb0000 size=0400ch ( 16396) load[0m
[0;32mI (189) esp_image: segment 3: paddr=0005c848 vaddr=40080000 size=037d0h ( 14288) load[0m
[0;32mI (196) esp_image: segment 4: paddr=00060020 vaddr=400d0020 size=a25f8h (665080) map[0m
[0;32mI (425) esp_image: segment 5: paddr=00102620 vaddr=400837d0 size=147f4h ( 83956) load[0m
[0;32mI (470) boot: Loaded app from partition at offset 0x20000[0m
[0;32mI (470) boot: Disabling RNG early entropy source...[0m
[0;32mI (480) cpu_start: Multicore app[0m
D (480) cpu_start: Pro cpu up
D (480) cpu_start: Starting app cpu, entry point is 0x40081540
D (0) cpu_start: App cpu up
D (489) clk: RTC_SLOW_CLK calibration value: 3083110
D (501) cpu_start: calling init function: 0x400d2f84 on core: 0
D (501) cpu_start: calling init function: 0x400d35f0 on core: 0
[0;32mI (502) cpu_start: Pro cpu start user code[0m
[0;32mI (506) cpu_start: cpu freq: 160000000 Hz[0m
D (510) cpu_start: calling init function: 0x400d2ec4 on core: 0
[0;32mI (516) app_init: Application information:[0m
[0;32mI (519) app_init: Project name:     hello_world[0m
[0;32mI (524) app_init: App version:      210f178-dirty[0m
[0;32mI (528) app_init: Compile time:     Mar 11 2025 12:22:32[0m
[0;32mI (533) app_init: ELF file SHA256:  b948b7539...[0m
[0;32mI (537) app_init: ESP-IDF:          v5.5-dev-2290-g94cfe394fe[0m
D (543) cpu_start: calling init function: 0x400d2f98 on core: 0
[0;32mI (548) efuse_init: Min chip rev:     v0.0[0m
[0;32mI (552) efuse_init: Max chip rev:     v3.99 [0m
[0;32mI (556) efuse_init: Chip rev:         v1.1[0m
D (560) cpu_start: calling init function: 0x400d4f60 on core: 0
D (566) memory_layout: Checking 9 reserved memory ranges:
D (571) memory_layout: Reserved memory range 0x3ff82000 - 0x3ff82000
D (577) memory_layout: Reserved memory range 0x3ffae000 - 0x3ffae6e0
D (583) memory_layout: Reserved memory range 0x3ffb0000 - 0x3ffb8970
D (589) memory_layout: Reserved memory range 0x3ffe0000 - 0x3ffe0440
D (595) memory_layout: Reserved memory range 0x3ffe3f20 - 0x3ffe4350
D (601) memory_layout: Reserved memory range 0x40070000 - 0x40078000
D (607) memory_layout: Reserved memory range 0x40078000 - 0x40080000
D (613) memory_layout: Reserved memory range 0x40080000 - 0x40097fc4
D (619) memory_layout: Reserved memory range 0x50001fe8 - 0x50002000
D (626) memory_layout: Building list of available memory regions:
D (631) memory_layout: Available memory region 0x3ffae6e0 - 0x3ffb0000
D (638) memory_layout: Available memory region 0x3ffb8970 - 0x3ffc0000
D (644) memory_layout: Available memory region 0x3ffc0000 - 0x3ffc2000
D (650) memory_layout: Available memory region 0x3ffc2000 - 0x3ffc4000
D (656) memory_layout: Available memory region 0x3ffc4000 - 0x3ffc6000
D (663) memory_layout: Available memory region 0x3ffc6000 - 0x3ffc8000
D (669) memory_layout: Available memory region 0x3ffc8000 - 0x3ffca000
D (675) memory_layout: Available memory region 0x3ffca000 - 0x3ffcc000
D (681) memory_layout: Available memory region 0x3ffcc000 - 0x3ffce000
D (688) memory_layout: Available memory region 0x3ffce000 - 0x3ffd0000
D (694) memory_layout: Available memory region 0x3ffd0000 - 0x3ffd2000
D (700) memory_layout: Available memory region 0x3ffd2000 - 0x3ffd4000
D (706) memory_layout: Available memory region 0x3ffd4000 - 0x3ffd6000
D (713) memory_layout: Available memory region 0x3ffd6000 - 0x3ffd8000
D (719) memory_layout: Available memory region 0x3ffd8000 - 0x3ffda000
D (725) memory_layout: Available memory region 0x3ffda000 - 0x3ffdc000
D (731) memory_layout: Available memory region 0x3ffdc000 - 0x3ffde000
D (738) memory_layout: Available memory region 0x3ffde000 - 0x3ffe0000
D (744) memory_layout: Available memory region 0x3ffe0440 - 0x3ffe3f20
D (750) memory_layout: Available memory region 0x3ffe4350 - 0x3ffe8000
D (756) memory_layout: Available memory region 0x3ffe8000 - 0x3fff0000
D (763) memory_layout: Available memory region 0x3fff0000 - 0x3fff8000
D (769) memory_layout: Available memory region 0x3fff8000 - 0x3fffc000
D (775) memory_layout: Available memory region 0x3fffc000 - 0x40000000
D (781) memory_layout: Available memory region 0x40097fc4 - 0x40098000
D (788) memory_layout: Available memory region 0x40098000 - 0x4009a000
D (794) memory_layout: Available memory region 0x4009a000 - 0x4009c000
D (800) memory_layout: Available memory region 0x4009c000 - 0x4009e000
D (806) memory_layout: Available memory region 0x4009e000 - 0x400a0000
[0;32mI (813) heap_init: Initializing. RAM available for dynamic allocation:[0m
D (819) heap_init: New heap initialised at 0x3ffae6e0
[0;32mI (824) heap_init: At 3FFAE6E0 len 00001920 (6 KiB): DRAM[0m
D (829) heap_init: New heap initialised at 0x3ffb8970
[0;32mI (834) heap_init: At 3FFB8970 len 00027690 (157 KiB): DRAM[0m
[0;32mI (839) heap_init: At 3FFE0440 len 00003AE0 (14 KiB): D/IRAM[0m
[0;32mI (844) heap_init: At 3FFE4350 len 0001BCB0 (111 KiB): D/IRAM[0m
D (850) heap_init: New heap initialised at 0x40097fc4
[0;32mI (854) heap_init: At 40097FC4 len 0000803C (32 KiB): IRAM[0m
D (860) cpu_start: calling init function: 0x400d2c14 on core: 0
D (865) cpu_start: calling init function: 0x400d608c on core: 0
D (871) cpu_start: calling init function: 0x400d3634 on core: 0
D (877) intr_alloc: Connected src 46 to int 1 (cpu 0)
D (881) cpu_start: calling init function: 0x400d3640 on core: 0
D (887) cpu_start: calling init function: 0x400d7860 on core: 0
D (893) cpu_start: calling init function: 0x400d9a54 on core: 0
D (898) cpu_start: calling init function: 0x400d8264 on core: 0
D (904) cpu_start: calling init function: 0x400d6098 on core: 0
D (910) cpu_start: calling init function: 0x400d364c on core: 0
D (915) spi_flash: trying chip: issi
D (919) spi_flash: trying chip: gd
D (922) spi_flash: trying chip: mxic
D (925) spi_flash: trying chip: winbond
D (929) spi_flash: trying chip: generic
[0;32mI (932) spi_flash: detected chip: generic[0m
[0;32mI (936) spi_flash: flash io: dio[0m
D (939) cpu_start: calling init function: 0x400d3024 on core: 0
D (944) cpu_start: calling init function: 0x401543a8
D (949) cpu_start: calling init function: 0x400ffa64
D (954) cpu_start: calling init function: 0x400e6124
D (959) cpu_start: calling init function: 0x400e30f0
D (963) cpu_start: calling init function: 0x400df9cc
[0;33mW (968) ADC: legacy driver is deprecated, please migrate to `esp_adc/adc_oneshot.h`[0m
D (975) cpu_start: calling init function: 0x400df92c
[0;33mW (980) i2s(legacy): legacy i2s driver is deprecated, please migrate to use driver/i2s_std.h, driver/i2s_pdm.h or driver/i2s_tdm.h[0m
D (991) cpu_start: calling init function: 0x40088c80
D (996) cpu_start: calling init function: 0x400d447c
D (1001) cpu_start: calling init function: 0x40143dc0 on core: 0
D (1007) intr_alloc: Connected src 17 to int 2 (cpu 0)
D (1011) cpu_start: calling init function: 0x40168774 on core: 0
D (1017) cpu_start: calling init function: 0x400d367c on core: 0
D (1023) intr_alloc: Connected src 24 to int 3 (cpu 0)
D (1028) app_start: Starting scheduler on CPU0
I (103D (1032) intr_alloc: Connected src 25 to int 1 (cpu 1)
D (1032) app_start: Starting scheduler on CPU1
2) main_task: Started on CPU0
D (1042) heap_init: New heap initialised at 0x3ffe0440
D (1042) heap_init: New heap initialised at 0x3ffe4350
D (1052) intr_alloc: Connected src 16 to int 5 (cpu 0)
[0;32mI (1052) main_task: Calling app_main()[0m
[0;32mI (1102) wifi:wifi driver task: 3ffc0a64, prio:23, stack:6656, core=0[0m
[0;32mI (1112) wifi:wifi firmware version: 3a3aca644[0m
[0;32mI (1122) wifi:wifi certification version: v7.0[0m
[0;32mI (1122) wifi:config NVS flash: enabled[0m
[0;32mI (1122) wifi:config nano formatting: disabled[0m
[0;32mI (1122) wifi:Init data frame dynamic rx buffer num: 32[0m
[0;32mI (1132) wifi:Init static rx mgmt buffer num: 5[0m
[0;32mI (1132) wifi:Init management short buffer num: 32[0m
[0;32mI (1132) wifi:Init dynamic tx buffer num: 32[0m
[0;32mI (1142) wifi:Init static rx buffer size: 1600[0m
[0;32mI (1142) wifi:Init static rx buffer num: 10[0m
[0;32mI (1152) wifi:Init dynamic rx buffer num: 32[0m
[0;32mI (1152) wifi_init: rx ba win: 6[0m
[0;32mI (1152) wifi_init: accept mbox: 6[0m
[0;32mI (1162) wifi_init: tcpip mbox: 32[0m
[0;32mI (1162) wifi_init: udp mbox: 6[0m
[0;32mI (1162) wifi_init: tcp mbox: 6[0m
[0;32mI (1162) wifi_init: tcp tx win: 5760[0m
[0;32mI (1172) wifi_init: tcp rx win: 5760[0m
[0;32mI (1172) wifi_init: tcp mss: 1440[0m
[0;32mI (1172) wifi_init: WiFi IRAM OP enabled[0m
[0;32mI (1182) wifi_init: WiFi RX IRAM OP enabled[0m
[0;32mI (1202) phy_init: phy_version 4860,6b7a6e5,Feb  6 2025,14:47:07[0m
[0;32mI (1282) wifi:mode : sta (94:54:c5:b5:f9:ec)[0m
[0;32mI (1282) wifi:enable tsf[0m
[0;32mI (1282) wifi:Set ps type: 0, coexist: 0[0m

[0;32mI (1282) WebSocketTest: Wi-Fi init done. SSID=Partagedeco[0m
[0;32mI (1292) WebSocketTest: Audio player init done.[0m
[0;32mI (1292) WebSocketTest: Waiting for Wi-Fi + WebSocket connection...[0m
[0;32mI (1302) wifi:new:<6,0>, old:<1,0>, ap:<255,255>, sta:<6,0>, prof:1, snd_ch_cfg:0x0[0m
[0;32mI (1302) wifi:state: init -> auth (0xb0)[0m
[0;32mI (1312) main_task: Returned from app_main()[0m
[0;32mI (1312) wifi:state: auth -> assoc (0x0)[0m
[0;32mI (1322) wifi:Association refused temporarily time 1269, comeback time 1369 (TUs)[0m
[0;32mI (2722) wifi:state: assoc -> assoc (0x0)[0m
[0;32mI (2732) wifi:state: assoc -> init (0x6c0)[0m
[0;32mI (2742) wifi:new:<6,0>, old:<6,0>, ap:<255,255>, sta:<6,0>, prof:1, snd_ch_cfg:0x0[0m
[0;32mI (2742) WebSocketTest: Retrying Wi-Fi connection...[0m
[0;32mI (5162) WebSocketTest: Retrying Wi-Fi connection...[0m
[0;32mI (5172) wifi:new:<6,0>, old:<6,0>, ap:<255,255>, sta:<6,0>, prof:1, snd_ch_cfg:0x0[0m
[0;32mI (5172) wifi:state: init -> auth (0xb0)[0m
[0;32mI (5182) wifi:state: auth -> assoc (0x0)[0m
[0;32mI (5192) wifi:state: assoc -> run (0x10)[0m
[0;32mI (5202) wifi:connected with Partagedeco, aid = 1, channel 6, BW20, bssid = aa:f0:fe:0d:99:0e[0m
[0;32mI (5202) wifi:security: WPA2-PSK, phy: bgn, rssi: -48[0m
[0;32mI (5222) wifi:pm start, type: 0[0m

[0;32mI (5222) wifi:dp: 1, bi: 102400, li: 3, scale listen interval from 307200 us to 307200 us[0m
[0;32mI (5242) wifi:dp: 2, bi: 102400, li: 4, scale listen interval from 307200 us to 409600 us[0m
[0;32mI (5242) wifi:AP's beacon interval = 102400 us, DTIM period = 2[0m
[0;32mI (6272) esp_netif_handlers: sta ip: 10.178.57.71, mask: 255.255.255.0, gw: 10.178.57.21[0m
[0;32mI (6272) WebSocketTest: Got IP: 10.178.57.71[0m
[0;32mI (6272) WebSocketTest: Starting WebSocket...[0m
[0;32mI (6272) websocket_client: Started[0m
[0;32mI (6272) WebSocketTest: WebSocket started => wss://api.interaction-labs.com/esp/test[0m
[0;32mI (6352) wifi:<ba-add>idx:0 (ifx:0, aa:f0:fe:0d:99:0e), tid:0, ssn:3, winSize:64[0m
[0;32mI (7182) esp-x509-crt-bundle: Certificate validated[0m
[0;32mI (9242) WebSocketTest: WebSocket connected[0m
[0;32mI (9252) WebSocketTest: Audio chunk size=1024, first 8 bytes:[0m
FF FF 00 00 00 00 00 00 
[0;32mI (9252) WebSocketTest: Audio chunk last 8 bytes:[0m
00 00 00 00 00 00 00 65 
[0;32mI (9252) WebSocketTest: Received AUDIO frame, size=1024[0m
[0;32mI (9262) WebSocketTest: Received from server: [0m
[0;32mI (9272) WebSocketTest: Audio chunk size=1024, first 8 bytes:[0m
00 00 FF FF 00 00 00 00 
[0;32mI (9272) WebSocketTest: Audio chunk last 8 bytes:[0m
01 00 FF FF 00 00 01 65 
[0;32mI (9272) WebSocketTest: Received AUDIO frame, size=1024[0m
[0;32mI (9282) WebSocketTest: Received from server: [0m
[0;32mI (9292) WebSocketTest: Sent: Test message 1[0m
[0;32mI (9312) WebSocketTest: Audio chunk size=1024, first 8 bytes:[0m
00 00 FF FF FF FF 00 00 
[0;32mI (9312) WebSocketTest: Audio chunk last 8 bytes:[0m
FD FF FF FF 02 00 05 00 
[0;32mI (9322) WebSocketTest: Received AUDIO frame, size=1024[0m
[0;32mI (9322) WebSocketTest: Received from server: [0m
[0;32mI (9332) WebSocketTest: Audio chunk size=1024, first 8 bytes:[0m
05 00 05 00 04 00 02 00 
[0;32mI (9332) WebSocketTest: Audio chunk last 8 bytes:[0m
30 FF 2C FF 25 FF 24 00 
[0;32mI (9342) WebSocketTest: Received AUDIO frame, size=1024[0m
[0;32mI (9352) WebSocketTest: Received from server: ï¿½
[0;32mI (9352) WebSocketTest: Audio chunk size=1024, first 8 bytes:[0m
24 FF 23 FF 24 FF 24 FF 
[0;32mI (9362) WebSocketTest: Audio chunk last 8 bytes:[0m
1B 00 26 00 20 00 0F 00 
[0;32mI (9362) WebSocketTest: Received AUDIO frame, size=1024[0m
[0;32mI (9372) WebSocketTest: Received from server: [0m
[0;32mI (9382) WebSocketTest: Audio chunk size=1024, first 8 bytes:[0m
05 00 0B 00 11 00 0E 00 
[0;32mI (9382) WebSocketTest: Audio chunk last 8 bytes:[0m
E0 00 E2 00 E5 00 E5 00 
[0;32mI (9392) WebSocketTest: Received AUDIO frame, size=1024[0m
[0;32mI (9392) WebSocketTest: Received from server: [0m
[0;32mI (9422) WebSocketTest: Audio chunk size=1024, first 8 bytes:[0m
E8 00 E9 00 ED 00 EF 00 
[0;32mI (9422) WebSocketTest: Audio chunk last 8 bytes:[0m
A4 00 A4 00 A4 00 A3 00 
[0;32mI (9432) WebSocketTest: Received AUDIO frame, size=1024[0m
[0;32mI (9432) WebSocketTest: Received from server: [0m
[0;32mI (9442) WebSocketTest: Audio chunk size=1024, first 8 bytes:[0m
A1 00 9C 00 9C 00 9E 00 
[0;32mI (9442) WebSocketTest: Audio chunk last 8 bytes:[0m
E1 FF E2 FF E1 FF E1 00 
[0;32mI (9452) WebSocketTest: Received AUDIO frame, size=1024[0m
[0;32mI (9462) WebSocketTest: Received from server: ï¿½
[0;32mI (9472) WebSocketTest: Audio chunk size=1024, first 8 bytes:[0m
E0 FF DD FF D9 FF D7 FF 
[0;32mI (9472) WebSocketTest: Audio chunk last 8 bytes:[0m
E9 FF EB FF E8 FF E3 00 
[0;32mI (9472) WebSocketTest: Received AUDIO frame, size=1024[0m
[0;32mI (9482) WebSocketTest: Received from server: ï¿½
[0;32mI (9492) WebSocketTest: Audio chunk size=1024, first 8 bytes:[0m
E3 FF E4 FF E4 FF E0 FF 
[0;32mI (9492) WebSocketTest: Audio chunk last 8 bytes:[0m
90 00 8E 00 8F 00 90 00 
[0;32mI (9502) WebSocketTest: Received AUDIO frame, size=1024[0m
[0;32mI (9502) WebSocketTest: Received from server: [0m
[0;32mI (9512) WebSocketTest: Audio chunk size=1024, first 8 bytes:[0m
92 00 92 00 91 00 91 00 
[0;32mI (9522) WebSocketTest: Audio chunk last 8 bytes:[0m
6E 01 6F 01 72 01 72 85 
[0;32mI (9522) WebSocketTest: Received AUDIO frame, size=1024[0m
[0;32mI (9532) WebSocketTest: Received TEXT(0x01) => [0m
[0;32mI (9562) WebSocketTest: Audio chunk size=1024, first 8 bytes:[0m
FF FF 00 00 00 00 00 00 
[0;32mI (9562) WebSocketTest: Audio chunk last 8 bytes:[0m
00 00 00 00 00 00 00 59 
[0;32mI (9562) WebSocketTest: Received AUDIO frame, size=1024[0m
[0;32mI (9572) WebSocketTest: Received from server: [0m
[0;32mI (9572) WebSocketTest: Audio chunk size=1024, first 8 bytes:[0m
00 00 FF FF 00 00 00 00 
[0;32mI (9582) WebSocketTest: Audio chunk last 8 bytes:[0m
01 00 FF FF 00 00 01 00 
[0;32mI (9582) WebSocketTest: Received AUDIO frame, size=1024[0m
[0;32mI (9592) WebSocketTest: Received from server: [0m
[0;32mI (9592) WebSocketTest: Audio chunk size=1024, first 8 bytes:[0m
00 00 FF FF FF FF 00 00 
[0;32mI (9602) WebSocketTest: Audio chunk last 8 bytes:[0m
FD FF FF FF 02 00 05 00 
[0;32mI (9612) WebSocketTest: Received AUDIO frame, size=1024[0m
[0;32mI (9612) WebSocketTest: Received from server: [0m
[0;32mI (9622) WebSocketTest: Audio chunk size=1024, first 8 bytes:[0m
05 00 05 00 04 00 02 00 
[0;32mI (9622) WebSocketTest: Audio chunk last 8 bytes:[0m
30 FF 2C FF 25 FF 24 05 
[0;32mI (9632) WebSocketTest: Received AUDIO frame, size=1024[0m
[0;32mI (9642) WebSocketTest: Received from server: ï¿½
[0;32mI (9652) WebSocketTest: Audio chunk size=1024, first 8 bytes:[0m
24 FF 23 FF 24 FF 24 FF 
[0;32mI (9652) WebSocketTest: Audio chunk last 8 bytes:[0m
1B 00 26 00 20 00 0F 00 
[0;32mI (9652) WebSocketTest: Received AUDIO frame, size=1024[0m
[0;32mI (9662) WebSocketTest: Received from server: [0m
[0;32mI (9672) WebSocketTest: Audio chunk size=1024, first 8 bytes:[0m
05 00 0B 00 11 00 0E 00 
[0;32mI (9672) WebSocketTest: Audio chunk last 8 bytes:[0m
E0 00 E2 00 E5 00 E5 00 
[0;32mI (9682) WebSocketTest: Received AUDIO frame, size=1024[0m
[0;32mI (9682) WebSocketTest: Received from server: [0m
[0;32mI (9692) WebSocketTest: Audio chunk size=1024, first 8 bytes:[0m
E8 00 E9 00 ED 00 EF 00 
[0;32mI (9702) WebSocketTest: Audio chunk last 8 bytes:[0m
A4 00 A4 00 A4 00 A3 00 
[0;32mI (9702) WebSocketTest: Received AUDIO frame, size=1024[0m
[0;32mI (9712) WebSocketTest: Received from server: [0m
[0;32mI (9712) WebSocketTest: Received TEXT(0x01) => ACK: Test message 1[0m
[0;32mI (9722) WebSocketTest: Received from server: ï¿½
[0;33mW (9772) transport_ws: esp_transport_ws_poll_connection_closed: unexpected data readable on socket=54[0m
[0;33mW (9772) websocket_client: Connection terminated while waiting for clean TCP close[0m
tsJu  82060257ï¿½HPHï¿½ï¿½0x (WROï¿½TMï¿½QUIï¿½ï¿½:x13S_S_F*!}	=Q4cfs:0 SIWP0xe
ï¿½Eï¿½:ï¿½b\Eï¿½ï¿½:ï¿½0"}ï¿½Jï¿½:ï¿½0`,c0_rv:x0dr00,wpdr:0x0jAï¿½ï¿½)'Tï¿½	ï¿½ï¿½ï¿½div2!+:ï¿½3ï¿½ï¿½ï¿½bbï¿½68
l+0407800,e:58jlo:x408000leKï¿½ï¿½j
ï¿½K x40806cj
[0;32mI (26) boot: ESP-IDF v5.5-dev-2290-g94cfe394fe 2nd stage bootloader[0m
[0;32mI (27) boot: compile time Mar 11 2025 12:22:36[0m
[0;32mI (27) boot: Multicore bootloader[0m
[0;32mI (29) boot: chip revision: v1.1[0m
[0;32mI (32) boot.esp32: SPI Speed      : 40MHz[0m
[0;32mI (36) boot.esp32: SPI Mode       : DIO[0m
[0;32mI (39) boot.esp32: SPI Flash Size : 4MB[0m
[0;32mI (43) boot: Enabling RNG early entropy source...[0m
[0;32mI (48) boot: Partition Table:[0m
[0;32mI (50) boot: ## Label            Usage          Type ST Offset   Length[0m
[0;32mI (57) boot:  0 nvs              WiFi data        01 02 00009000 00006000[0m
[0;32mI (63) boot:  1 otadata          OTA data         01 00 0000f000 00002000[0m
[0;32mI (70) boot:  2 phy_init         RF data          01 01 00011000 00001000[0m
[0;32mI (76) boot:  3 ota_0            OTA app          00 10 00020000 001a9000[0m
[0;32mI (83) boot:  4 ota_1            OTA app          00 11 001d0000 001a9000[0m
[0;32mI (89) boot: End of partition table[0m
[0;32mI (93) esp_image: segment 0: paddr=00020020 vaddr=3f400020 size=387e8h (231400) map[0m
[0;32mI (179) esp_image: segment 1: paddr=00058810 vaddr=3ff80000 size=0001ch (    28) load[0m
[0;32mI (179) esp_image: segment 2: paddr=00058834 vaddr=3ffb0000 size=0400ch ( 16396) load[0m
[0;32mI (189) esp_image: segment 3: paddr=0005c848 vaddr=40080000 size=037d0h ( 14288) load[0m
[0;32mI (196) esp_image: segment 4: paddr=00060020 vaddr=400d0020 size=a25f8h (665080) map[0m
[0;32mI (425) esp_image: segment 5: paddr=00102620 vaddr=400837d0 size=147f4h ( 83956) load[0m
[0;32mI (470) boot: Loaded app from partition at offset 0x20000[0m
[0;32mI (470) boot: Disabling RNG early entropy source...[0m
[0;32mI (480) cpu_start: Multicore app[0m
D (480) cpu_start: Pro cpu up
D (480) cpu_start: Starting app cpu, entry point is 0x40081540
D (0) cpu_start: App cpu up
D (489) clk: RTC_SLOW_CLK calibration value: 3095117
D (500) cpu_start: calling init function: 0x400d2f84 on core: 0
D (501) cpu_start: calling init function: 0x400d35f0 on core: 0
[0;32mI (502) cpu_start: Pro cpu start user code[0m
[0;32mI (506) cpu_start: cpu freq: 160000000 Hz[0m
D (510) cpu_start: calling init function: 0x400d2ec4 on core: 0
[0;32mI (515) app_init: Application information:[0m
[0;32mI (519) app_init: Project name:     hello_world[0m
[0;32mI (524) app_init: App version:      210f178-dirty[0m
[0;32mI (528) app_init: Compile time:     Mar 11 2025 12:22:32[0m
[0;32mI (533) app_init: ELF file SHA256:  b948b7539...[0m
[0;32mI (537) app_init: ESP-IDF:          v5.5-dev-2290-g94cfe394fe[0m
D (543) cpu_start: calling init function: 0x400d2f98 on core: 0
[0;32mI (548) efuse_init: Min chip rev:     v0.0[0m
[0;32mI (552) efuse_init: Max chip rev:     v3.99 [0m
[0;32mI (556) efuse_init: Chip rev:         v1.1[0m
D (560) cpu_start: calling init function: 0x400d4f60 on core: 0
D (566) memory_layout: Checking 9 reserved memory ranges:
D (571) memory_layout: Reserved memory range 0x3ff82000 - 0x3ff82000
D (577) memory_layout: Reserved memory range 0x3ffae000 - 0x3ffae6e0
D (583) memory_layout: Reserved memory range 0x3ffb0000 - 0x3ffb8970
D (589) memory_layout: Reserved memory range 0x3ffe0000 - 0x3ffe0440
D (595) memory_layout: Reserved memory range 0x3ffe3f20 - 0x3ffe4350
D (601) memory_layout: Reserved memory range 0x40070000 - 0x40078000
D (607) memory_layout: Reserved memory range 0x40078000 - 0x40080000
D (613) memory_layout: Reserved memory range 0x40080000 - 0x40097fc4
D (619) memory_layout: Reserved memory range 0x50001fe8 - 0x50002000
D (626) memory_layout: Building list of available memory regions:
D (631) memory_layout: Available memory region 0x3ffae6e0 - 0x3ffb0000
D (638) memory_layout: Available memory region 0x3ffb8970 - 0x3ffc0000
D (644) memory_layout: Available memory region 0x3ffc0000 - 0x3ffc2000
D (650) memory_layout: Available memory region 0x3ffc2000 - 0x3ffc4000
D (656) memory_layout: Available memory region 0x3ffc4000 - 0x3ffc6000
D (663) memory_layout: Available memory region 0x3ffc6000 - 0x3ffc8000
D (669) memory_layout: Available memory region 0x3ffc8000 - 0x3ffca000
D (675) memory_layout: Available memory region 0x3ffca000 - 0x3ffcc000
D (681) memory_layout: Available memory region 0x3ffcc000 - 0x3ffce000
D (688) memory_layout: Available memory region 0x3ffce000 - 0x3ffd0000
D (694) memory_layout: Available memory region 0x3ffd0000 - 0x3ffd2000
D (700) memory_layout: Available memory region 0x3ffd2000 - 0x3ffd4000
D (706) memory_layout: Available memory region 0x3ffd4000 - 0x3ffd6000
D (713) memory_layout: Available memory region 0x3ffd6000 - 0x3ffd8000
D (719) memory_layout: Available memory region 0x3ffd8000 - 0x3ffda000
D (725) memory_layout: Available memory region 0x3ffda000 - 0x3ffdc000
D (731) memory_layout: Available memory region 0x3ffdc000 - 0x3ffde000
D (738) memory_layout: Available memory region 0x3ffde000 - 0x3ffe0000
D (744) memory_layout: Available memory region 0x3ffe0440 - 0x3ffe3f20
D (750) memory_layout: Available memory region 0x3ffe4350 - 0x3ffe8000
D (756) memory_layout: Available memory region 0x3ffe8000 - 0x3fff0000
D (763) memory_layout: Available memory region 0x3fff0000 - 0x3fff8000
D (769) memory_layout: Available memory region 0x3fff8000 - 0x3fffc000
D (775) memory_layout: Available memory region 0x3fffc000 - 0x40000000
D (781) memory_layout: Available memory region 0x40097fc4 - 0x40098000
D (788) memory_layout: Available memory region 0x40098000 - 0x4009a000
D (794) memory_layout: Available memory region 0x4009a000 - 0x4009c000
D (800) memory_layout: Available memory region 0x4009c000 - 0x4009e000
D (806) memory_layout: Available memory region 0x4009e000 - 0x400a0000
[0;32mI (813) heap_init: Initializing. RAM available for dynamic allocation:[0m
D (819) heap_init: New heap initialised at 0x3ffae6e0
[0;32mI (824) heap_init: At 3FFAE6E0 len 00001920 (6 KiB): DRAM[0m
D (829) heap_init: New heap initialised at 0x3ffb8970
[0;32mI (833) heap_init: At 3FFB8970 len 00027690 (157 KiB): DRAM[0m
[0;32mI (839) heap_init: At 3FFE0440 len 00003AE0 (14 KiB): D/IRAM[0m
[0;32mI (844) heap_init: At 3FFE4350 len 0001BCB0 (111 KiB): D/IRAM[0m
D (850) heap_init: New heap initialised at 0x40097fc4
[0;32mI (854) heap_init: At 40097FC4 len 0000803C (32 KiB): IRAM[0m
D (860) cpu_start: calling init function: 0x400d2c14 on core: 0
D (865) cpu_start: calling init function: 0x400d608c on core: 0
D (871) cpu_start: calling init function: 0x400d3634 on core: 0
D (877) intr_alloc: Connected src 46 to int 1 (cpu 0)
D (881) cpu_start: calling init function: 0x400d3640 on core: 0
D (887) cpu_start: calling init function: 0x400d7860 on core: 0
D (893) cpu_start: calling init function: 0x400d9a54 on core: 0
D (898) cpu_start: calling init function: 0x400d8264 on core: 0
D (904) cpu_start: calling init function: 0x400d6098 on core: 0
D (910) cpu_start: calling init function: 0x400d364c on core: 0
D (915) spi_flash: trying chip: issi
D (919) spi_flash: trying chip: gd
D (922) spi_flash: trying chip: mxic
D (925) spi_flash: trying chip: winbond
D (928) spi_flash: trying chip: generic
[0;32mI (932) spi_flash: detected chip: generic[0m
[0;32mI (936) spi_flash: flash io: dio[0m
D (939) cpu_start: calling init function: 0x400d3024 on core: 0
D (944) cpu_start: calling init function: 0x401543a8
D (949) cpu_start: calling init function: 0x400ffa64
D (954) cpu_start: calling init function: 0x400e6124
D (959) cpu_start: calling init function: 0x400e30f0
D (963) cpu_start: calling init function: 0x400df9cc
[0;33mW (968) ADC: legacy driver is deprecated, please migrate to `esp_adc/adc_oneshot.h`[0m
D (975) cpu_start: calling init function: 0x400df92c
[0;33mW (980) i2s(legacy): legacy i2s driver is deprecated, please migrate to use driver/i2s_std.h, driver/i2s_pdm.h or driver/i2s_tdm.h[0m
D (991) cpu_start: calling init function: 0x40088c80
D (996) cpu_start: calling init function: 0x400d447c
D (1001) cpu_start: calling init function: 0x40143dc0 on core: 0
D (1007) intr_alloc: Connected src 17 to int 2 (cpu 0)
D (1011) cpu_start: calling init function: 0x40168774 on core: 0
D (1017) cpu_start: calling init function: 0x400d367c on core: 0
D (1023) intr_alloc: Connected src 24 to int 3 (cpu 0)
D (1028) app_start: Starting scheduler on CPU0
I (103D (1032) intr_alloc: Connected src 25 to int 1 (cpu 1)
D (1032) app_start: Starting scheduler on CPU1
2) main_task: Started on CPU0
D (1042) heap_init: New heap initialised at 0x3ffe0440
D (1042) heap_init: New heap initialised at 0x3ffe4350
D (1052) intr_alloc: Connected src 16 to int 5 (cpu 0)
[0;32mI (1052) main_task: Calling app_main()[0m
[0;32mI (1102) wifi:wifi driver task: 3ffc0a64, prio:23, stack:6656, core=0[0m
[0;32mI (1112) wifi:wifi firmware version: 3a3aca644[0m
[0;32mI (1122) wifi:wifi certification version: v7.0[0m
[0;32mI (1122) wifi:config NVS flash: enabled[0m
[0;32mI (1122) wifi:config nano formatting: disabled[0m
[0;32mI (1122) wifi:Init data frame dynamic rx buffer num: 32[0m
[0;32mI (1132) wifi:Init static rx mgmt buffer num: 5[0m
[0;32mI (1132) wifi:Init management short buffer num: 32[0m
[0;32mI (1132) wifi:Init dynamic tx buffer num: 32[0m
[0;32mI (1142) wifi:Init static rx buffer size: 1600[0m
[0;32mI (1142) wifi:Init static rx buffer num: 10[0m
[0;32mI (1152) wifi:Init dynamic rx buffer num: 32[0m
[0;32mI (1152) wifi_init: rx ba win: 6[0m
[0;32mI (1152) wifi_init: accept mbox: 6[0m
[0;32mI (1162) wifi_init: tcpip mbox: 32[0m
[0;32mI (1162) wifi_init: udp mbox: 6[0m
[0;32mI (1162) wifi_init: tcp mbox: 6[0m
[0;32mI (1162) wifi_init: tcp tx win: 5760[0m
[0;32mI (1172) wifi_init: tcp rx win: 5760[0m
[0;32mI (1172) wifi_init: tcp mss: 1440[0m
[0;32mI (1172) wifi_init: WiFi IRAM OP enabled[0m
[0;32mI (1182) wifi_init: WiFi RX IRAM OP enabled[0m
[0;32mI (1202) phy_init: phy_version 4860,6b7a6e5,Feb  6 2025,14:47:07[0m
[0;32mI (1282) wifi:mode : sta (94:54:c5:b5:f9:ec)[0m
[0;32mI (1282) wifi:enable tsf[0m
[0;32mI (1282) wifi:Set ps type: 0, coexist: 0[0m

[0;32mI (1282) WebSocketTest: Wi-Fi init done. SSID=Partagedeco[0m
[0;32mI (1292) WebSocketTest: Audio player init done.[0m
[0;32mI (1292) WebSocketTest: Waiting for Wi-Fi + WebSocket connection...[0m
[0;32mI (1292) main_task: Returned from app_main()[0m
[0;32mI (1302) wifi:new:<6,0>, old:<1,0>, ap:<255,255>, sta:<6,0>, prof:1, snd_ch_cfg:0x0[0m
[0;32mI (1302) wifi:state: init -> auth (0xb0)[0m
[0;32mI (1312) wifi:state: auth -> assoc (0x0)[0m
[0;32mI (1322) wifi:Association refused temporarily time 1269, comeback time 1369 (TUs)[0m
[0;32mI (2722) wifi:state: assoc -> assoc (0x0)[0m
[0;32mI (2722) wifi:state: assoc -> init (0x6c0)[0m
[0;32mI (2732) wifi:new:<6,0>, old:<6,0>, ap:<255,255>, sta:<6,0>, prof:1, snd_ch_cfg:0x0[0m
[0;32mI (2732) WebSocketTest: Retrying Wi-Fi connection...[0m
[0;32mI (5152) WebSocketTest: Retrying Wi-Fi connection...[0m
[0;32mI (5162) wifi:new:<6,0>, old:<6,0>, ap:<255,255>, sta:<6,0>, prof:1, snd_ch_cfg:0x0[0m
[0;32mI (5162) wifi:state: init -> auth (0xb0)[0m
[0;32mI (5172) wifi:state: auth -> assoc (0x0)[0m
[0;32mI (5182) wifi:state: assoc -> run (0x10)[0m
[0;32mI (5202) wifi:connected with Partagedeco, aid = 1, channel 6, BW20, bssid = aa:f0:fe:0d:99:0e[0m
[0;32mI (5202) wifi:security: WPA2-PSK, phy: bgn, rssi: -68[0m
[0;32mI (5212) wifi:pm start, type: 0[0m

[0;32mI (5212) wifi:dp: 1, bi: 102400, li: 3, scale listen interval from 307200 us to 307200 us[0m
[0;32mI (5272) wifi:dp: 2, bi: 102400, li: 4, scale listen interval from 307200 us to 409600 us[0m
[0;32mI (5272) wifi:AP's beacon interval = 102400 us, DTIM period = 2[0m
[0;32mI (6252) esp_netif_handlers: sta ip: 10.178.57.71, mask: 255.255.255.0, gw: 10.178.57.21[0m
[0;32mI (6252) WebSocketTest: Got IP: 10.178.57.71[0m
[0;32mI (6252) WebSocketTest: Starting WebSocket...[0m
[0;32mI (6252) websocket_client: Started[0m
[0;32mI (6252) WebSocketTest: WebSocket started => wss://api.interaction-labs.com/esp/test[0m
[0;32mI (6342) wifi:<ba-add>idx:0 (ifx:0, aa:f0:fe:0d:99:0e), tid:0, ssn:3, winSize:64[0m
[0;32mI (7202) esp-x509-crt-bundle: Certificate validated[0m
[0;32mI (8202) WebSocketTest: WebSocket connected[0m
[0;32mI (8212) WebSocketTest: Audio chunk size=1024, first 8 bytes:[0m
FF FF 00 00 00 00 00 00 
[0;32mI (8212) WebSocketTest: Audio chunk last 8 bytes:[0m
00 00 00 00 00 00 00 69 
[0;32mI (8212) WebSocketTest: Received AUDIO frame, size=1024[0m
[0;32mI (8222) WebSocketTest: Received from server: [0m
[0;32mI (8232) WebSocketTest: Audio chunk size=1024, first 8 bytes:[0m
00 00 FF FF 00 00 00 00 
[0;32mI (8232) WebSocketTest: Audio chunk last 8 bytes:[0m
01 00 FF FF 00 00 01 69 
[0;32mI (8242) WebSocketTest: Received AUDIO frame, size=1024[0m
[0;32mI (8242) WebSocketTest: Received from server: [0m
[0;32mI (8252) WebSocketTest: Audio chunk size=1024, first 8 bytes:[0m
00 00 FF FF FF FF 00 00 
[0;32mI (8252) WebSocketTest: Audio chunk last 8 bytes:[0m
FD FF FF FF 02 00 05 00 
[0;32mI (8262) WebSocketTest: Received AUDIO frame, size=1024[0m
[0;32mI (8262) WebSocketTest: Received from server: [0m
[0;32mI (8272) WebSocketTest: Audio chunk size=1024, first 8 bytes:[0m
05 00 05 00 04 00 02 00 
[0;32mI (8282) WebSocketTest: Audio chunk last 8 bytes:[0m
30 FF 2C FF 25 FF 24 69 
[0;32mI (8282) WebSocketTest: Received AUDIO frame, size=1024[0m
[0;32mI (8292) WebSocketTest: Received from server: ï¿½
[0;32mI (8302) WebSocketTest: Sent: Test message 1[0m
[0;32mI (8302) WebSocketTest: Audio chunk size=1024, first 8 bytes:[0m
24 FF 23 FF 24 FF 24 FF 
[0;32mI (8302) WebSocketTest: Audio chunk last 8 bytes:[0m
1B 00 26 00 20 00 0F 69 
[0;32mI (8312) WebSocketTest: Received AUDIO frame, size=1024[0m
[0;32mI (8322) WebSocketTest: Received from server: [0m
[0;32mI (8322) WebSocketTest: Audio chunk size=1024, first 8 bytes:[0m
05 00 0B 00 11 00 0E 00 
[0;32mI (8332) WebSocketTest: Audio chunk last 8 bytes:[0m
E0 00 E2 00 E5 00 E5 69 
[0;32mI (8332) WebSocketTest: Received AUDIO frame, size=1024[0m
[0;32mI (8342) WebSocketTest: Received from server: [0m
[0;32mI (8352) WebSocketTest: Audio chunk size=1024, first 8 bytes:[0m
E8 00 E9 00 ED 00 EF 00 
[0;32mI (8352) WebSocketTest: Audio chunk last 8 bytes:[0m
A4 00 A4 00 A4 00 A3 69 
[0;32mI (8362) WebSocketTest: Received AUDIO frame, size=1024[0m
[0;32mI (8362) WebSocketTest: Received from server: [0m
[0;32mI (8372) WebSocketTest: Audio chunk size=1024, first 8 bytes:[0m
A1 00 9C 00 9C 00 9E 00 
[0;32mI (8372) WebSocketTest: Audio chunk last 8 bytes:[0m
E1 FF E2 FF E1 FF E1 69 
[0;32mI (8382) WebSocketTest: Received AUDIO frame, size=1024[0m
[0;32mI (8392) WebSocketTest: Received from server: ï¿½
[0;32mI (8432) WebSocketTest: Audio chunk size=1024, first 8 bytes:[0m
E0 FF DD FF D9 FF D7 FF 
[0;32mI (8442) WebSocketTest: Audio chunk last 8 bytes:[0m
E9 FF EB FF E8 FF E3 80 
[0;32mI (8442) WebSocketTest: Received AUDIO frame, size=1024[0m
[0;32mI (8442) WebSocketTest: Received from server: ï¿½
[0;32mI (8452) WebSocketTest: Audio chunk size=1024, first 8 bytes:[0m
E3 FF E4 FF E4 FF E0 FF 
[0;32mI (8462) WebSocketTest: Audio chunk last 8 bytes:[0m
90 00 8E 00 8F 00 90 00 
[0;32mI (8462) WebSocketTest: Received AUDIO frame, size=1024[0m
[0;32mI (8472) WebSocketTest: Received from server: [0m
[0;32mI (8482) WebSocketTest: Audio chunk size=1024, first 8 bytes:[0m
92 00 92 00 91 00 91 00 
[0;32mI (8482) WebSocketTest: Audio chunk last 8 bytes:[0m
6E 01 6F 01 72 01 72 00 
[0;32mI (8492) WebSocketTest: Received AUDIO frame, size=1024[0m
[0;32mI (8492) WebSocketTest: Received TEXT(0x01) => [0m
[0;32mI (8502) WebSocketTest: Audio chunk size=1024, first 8 bytes:[0m
FF FF 00 00 00 00 00 00 
[0;32mI (8502) WebSocketTest: Audio chunk last 8 bytes:[0m
00 00 00 00 00 00 00 00 
[0;32mI (8512) WebSocketTest: Received AUDIO frame, size=1024[0m
[0;32mI (8512) WebSocketTest: Received from server: [0m
[0;32mI (8522) WebSocketTest: Audio chunk size=1024, first 8 bytes:[0m
00 00 FF FF 00 00 00 00 
[0;32mI (8532) WebSocketTest: Audio chunk last 8 bytes:[0m
01 00 FF FF 00 00 01 00 
[0;32mI (8532) WebSocketTest: Received AUDIO frame, size=1024[0m
[0;32mI (8542) WebSocketTest: Received from server: [0m
[0;32mI (8552) WebSocketTest: Audio chunk size=1024, first 8 bytes:[0m
00 00 FF FF FF FF 00 00 
[0;32mI (8552) WebSocketTest: Audio chunk last 8 bytes:[0m
FD FF FF FF 02 00 05 80 
[0;32mI (8562) WebSocketTest: Received AUDIO frame, size=1024[0m
[0;32mI (8562) WebSocketTest: Received from server: [0m
[0;32mI (8572) WebSocketTest: Audio chunk size=1024, first 8 bytes:[0m
05 00 05 00 04 00 02 00 
[0;32mI (8572) WebSocketTest: Audio chunk last 8 bytes:[0m
30 FF 2C FF 25 FF 24 80 
[0;32mI (8582) WebSocketTest: Received AUDIO frame, size=1024[0m
[0;32mI (8582) WebSocketTest: Received from server: ï¿½
[0;32mI (8592) WebSocketTest: Audio chunk size=1024, first 8 bytes:[0m
24 FF 23 FF 24 FF 24 FF 
[0;32mI (8602) WebSocketTest: Audio chunk last 8 bytes:[0m
1B 00 26 00 20 00 0F 69 
[0;32mI (8602) WebSocketTest: Received AUDIO frame, size=1024[0m
[0;32mI (8612) WebSocketTest: Received from server: [0m
[0;32mI (8622) WebSocketTest: Audio chunk size=1024, first 8 bytes:[0m
05 00 0B 00 11 00 0E 00 
[0;32mI (8622) WebSocketTest: Audio chunk last 8 bytes:[0m
E0 00 E2 00 E5 00 E5 69 
[0;32mI (8632) WebSocketTest: Received AUDIO frame, size=1024[0m
[0;32mI (8632) WebSocketTest: Received from server: [0m
[0;32mI (8642) WebSocketTest: Audio chunk size=1024, first 8 bytes:[0m
E8 00 E9 00 ED 00 EF 00 
[0;32mI (8642) WebSocketTest: Audio chunk last 8 bytes:[0m
A4 00 A4 00 A4 00 A3 C0 
[0;32mI (8652) WebSocketTest: Received AUDIO frame, size=1024[0m
[0;32mI (8662) WebSocketTest: Received from server: [0m
[0;32mI (8662) WebSocketTest: Audio chunk size=1024, first 8 bytes:[0m
A1 00 9C 00 9C 00 9E 00 
[0;32mI (8672) WebSocketTest: Audio chunk last 8 bytes:[0m
E1 FF E2 FF E1 FF E1 69 
[0;32mI (8672) WebSocketTest: Received AUDIO frame, size=1024[0m
[0;32mI (8682) WebSocketTest: Received from server: ï¿½
[0;32mI (8692) WebSocketTest: Audio chunk size=1024, first 8 bytes:[0m
E0 FF DD FF D9 FF D7 FF 
[0;32mI (8692) WebSocketTest: Audio chunk last 8 bytes:[0m
E9 FF EB FF E8 FF E3 90 
[0;32mI (8702) WebSocketTest: Received AUDIO frame, size=1024[0m
[0;32mI (8702) WebSocketTest: Received from server: ï¿½
[0;32mI (8712) WebSocketTest: Audio chunk size=1024, first 8 bytes:[0m
E3 FF E4 FF E4 FF E0 FF 
[0;32mI (8712) WebSocketTest: Audio chunk last 8 bytes:[0m
90 00 8E 00 8F 00 90 90 
[0;32mI (8722) WebSocketTest: Received AUDIO frame, size=1024[0m
[0;32mI (8732) WebSocketTest: Received from server: [0m
[0;32mI (8742) WebSocketTest: Audio chunk size=1024, first 8 bytes:[0m
92 00 92 00 91 00 91 00 
[0;32mI (8742) WebSocketTest: Audio chunk last 8 bytes:[0m
6E 01 6F 01 72 01 72 90 
[0;32mI (8742) WebSocketTest: Received AUDIO frame, size=1024[0m
[0;32mI (8752) WebSocketTest: Received TEXT(0x01) => [0m
[0;32mI (8752) WebSocketTest: Audio chunk size=1024, first 8 bytes:[0m
FF FF 00 00 00 00 00 00 
[0;32mI (8762) WebSocketTest: Audio chunk last 8 bytes:[0m
00 00 00 00 00 00 00 90 
[0;32mI (8772) WebSocketTest: Received AUDIO frame, size=1024[0m
[0;32mI (8772) WebSocketTest: Received from server: [0m
[0;32mI (8782) WebSocketTest: Received TEXT(0x01) => ACK: Test message 1[0m
[0;32mI (8782) WebSocketTest: Received from server: ï¿½
[0;33mW (8892) transport_ws: esp_transport_ws_poll_connection_closed: unexpected data readable on socket=54[0m
[0;33mW (8892) websocket_client: Connection terminated while waiting for clean TCP close[0m
tsRï¿½ 8206 :&b5SHHï¿½ï¿½:ï¿½1BPy]!ï¿½ï¿½ï¿½TJUIï¿½ï¿½:ï¿½1&Pï¿½eMï¿½e1!}==
ongsN:S]:xeck_!ï¿½'ï¿½0ï¿½ï¿½ï¿½0x0,d:00`1_dv:x0,d_!É'ï¿½0ï¿½ï¿½}ï¿½ï¿½:ï¿½0moCï¿½)'Tï¿½	ï¿½ï¿½ i:2
oaï¿½0fffï¿½ï¿½bbï¿½ï¿½:ï¿½ï¿½j
ï¿½+xï¿½Âï¿½bï¿½18
ï¿½+ï¿½:ï¿½4ï¿½ï¿½ï¿½ï¿½bbï¿½:&ï¿½ï¿½j
eï¿½Kï¿½ ï¿½4ï¿½ï¿½ï¿½ï¿½j
[0;32mI (26) boot: ESP-IDF v5.5-dev-2290-g94cfe394fe 2nd stage bootloader[0m
[0;32mI (26) boot: compile time Mar 11 2025 12:22:36[0m
[0;32mI (27) boot: Multicore bootloader[0m
[0;32mI (29) boot: chip revision: v1.1[0m
[0;32mI (32) boot.esp32: SPI Speed      : 40MHz[0m
[0;32mI (36) boot.esp32: SPI Mode       : DIO[0m
[0;32mI (39) boot.esp32: SPI Flash Size : 4MB[0m
[0;32mI (43) boot: Enabling RNG early entropy source...[0m
[0;32mI (48) boot: Partition Table:[0m
[0;32mI (50) boot: ## Label            Usage          Type ST Offset   Length[0m
[0;32mI (56) boot:  0 nvs              WiFi data        01 02 00009000 00006000[0m
[0;32mI (63) boot:  1 otadata          OTA data         01 00 0000f000 00002000[0m
[0;32mI (70) boot:  2 phy_init         RF data          01 01 00011000 00001000[0m
[0;32mI (76) boot:  3 ota_0            OTA app          00 10 00020000 001a9000[0m
[0;32mI (83) boot:  4 ota_1            OTA app          00 11 001d0000 001a9000[0m
[0;32mI (89) boot: End of partition table[0m
[0;32mI (92) esp_image: segment 0: paddr=00020020 vaddr=3f400020 size=387e8h (231400) map[0m
[0;32mI (179) esp_image: segment 1: paddr=00058810 vaddr=3ff80000 size=0001ch (    28) load[0m
[0;32mI (179) esp_image: segment 2: paddr=00058834 vaddr=3ffb0000 size=0400ch ( 16396) load[0m
[0;32mI (189) esp_image: segment 3: paddr=0005c848 vaddr=40080000 size=037d0h ( 14288) load[0m
[0;32mI (196) esp_image: segment 4: paddr=00060020 vaddr=400d0020 size=a25f8h (665080) map[0m
[0;32mI (425) esp_image: segment 5: paddr=00102620 vaddr=400837d0 size=147f4h ( 83956) load[0m
[0;32mI (470) boot: Loaded app from partition at offset 0x20000[0m
[0;32mI (470) boot: Disabling RNG early entropy source...[0m
[0;32mI (480) cpu_start: Multicore app[0m
D (480) cpu_start: Pro cpu up
D (480) cpu_start: Starting app cpu, entry point is 0x40081540
D (0) cpu_start: App cpu up
D (489) clk: RTC_SLOW_CLK calibration value: 3095962
D (500) cpu_start: calling init function: 0x400d2f84 on core: 0
D (501) cpu_start: calling init function: 0x400d35f0 on core: 0
[0;32mI (502) cpu_start: Pro cpu start user code[0m
[0;32mI (506) cpu_start: cpu freq: 160000000 Hz[0m
D (510) cpu_start: calling init function: 0x400d2ec4 on core: 0
[0;32mI (515) app_init: Application information:[0m
[0;32mI (519) app_init: Project name:     hello_world[0m
[0;32mI (524) app_init: App version:      210f178-dirty[0m
[0;32mI (528) app_init: Compile time:     Mar 11 2025 12:22:32[0m
[0;32mI (533) app_init: ELF file SHA256:  b948b7539...[0m
[0;32mI (537) app_init: ESP-IDF:          v5.5-dev-2290-g94cfe394fe[0m
D (543) cpu_start: calling init function: 0x400d2f98 on core: 0
[0;32mI (548) efuse_init: Min chip rev:     v0.0[0m
[0;32mI (552) efuse_init: Max chip rev:     v3.99 [0m
[0;32mI (556) efuse_init: Chip rev:         v1.1[0m
D (560) cpu_start: calling init function: 0x400d4f60 on core: 0
D (566) memory_layout: Checking 9 reserved memory ranges:
D (571) memory_layout: Reserved memory range 0x3ff82000 - 0x3ff82000
D (577) memory_layout: Reserved memory range 0x3ffae000 - 0x3ffae6e0
D (583) memory_layout: Reserved memory range 0x3ffb0000 - 0x3ffb8970
D (589) memory_layout: Reserved memory range 0x3ffe0000 - 0x3ffe0440
D (595) memory_layout: Reserved memory range 0x3ffe3f20 - 0x3ffe4350
D (601) memory_layout: Reserved memory range 0x40070000 - 0x40078000
D (607) memory_layout: Reserved memory range 0x40078000 - 0x40080000
D (613) memory_layout: Reserved memory range 0x40080000 - 0x40097fc4
D (619) memory_layout: Reserved memory range 0x50001fe8 - 0x50002000
D (626) memory_layout: Building list of available memory regions:
D (631) memory_layout: Available memory region 0x3ffae6e0 - 0x3ffb0000
D (638) memory_layout: Available memory region 0x3ffb8970 - 0x3ffc0000
D (644) memory_layout: Available memory region 0x3ffc0000 - 0x3ffc2000
D (650) memory_layout: Available memory region 0x3ffc2000 - 0x3ffc4000
D (656) memory_layout: Available memory region 0x3ffc4000 - 0x3ffc6000
D (663) memory_layout: Available memory region 0x3ffc6000 - 0x3ffc8000
D (669) memory_layout: Available memory region 0x3ffc8000 - 0x3ffca000
D (675) memory_layout: Available memory region 0x3ffca000 - 0x3ffcc000
D (681) memory_layout: Available memory region 0x3ffcc000 - 0x3ffce000
D (688) memory_layout: Available memory region 0x3ffce000 - 0x3ffd0000
D (694) memory_layout: Available memory region 0x3ffd0000 - 0x3ffd2000
D (700) memory_layout: Available memory region 0x3ffd2000 - 0x3ffd4000
D (706) memory_layout: Available memory region 0x3ffd4000 - 0x3ffd6000
D (713) memory_layout: Available memory region 0x3ffd6000 - 0x3ffd8000
D (719) memory_layout: Available memory region 0x3ffd8000 - 0x3ffda000
D (725) memory_layout: Available memory region 0x3ffda000 - 0x3ffdc000
D (731) memory_layout: Available memory region 0x3ffdc000 - 0x3ffde000
D (738) memory_layout: Available memory region 0x3ffde000 - 0x3ffe0000
D (744) memory_layout: Available memory region 0x3ffe0440 - 0x3ffe3f20
D (750) memory_layout: Available memory region 0x3ffe4350 - 0x3ffe8000
D (756) memory_layout: Available memory region 0x3ffe8000 - 0x3fff0000
D (763) memory_layout: Available memory region 0x3fff0000 - 0x3fff8000
D (769) memory_layout: Available memory region 0x3fff8000 - 0x3fffc000
D (775) memory_layout: Available memory region 0x3fffc000 - 0x40000000
D (781) memory_layout: Available memory region 0x40097fc4 - 0x40098000
D (788) memory_layout: Available memory region 0x40098000 - 0x4009a000
D (794) memory_layout: Available memory region 0x4009a000 - 0x4009c000
D (800) memory_layout: Available memory region 0x4009c000 - 0x4009e000
D (806) memory_layout: Available memory region 0x4009e000 - 0x400a0000
[0;32mI (813) heap_init: Initializing. RAM available for dynamic allocation:[0m
D (819) heap_init: New heap initialised at 0x3ffae6e0
[0;32mI (824) heap_init: At 3FFAE6E0 len 00001920 (6 KiB): DRAM[0m
D (829) heap_init: New heap initialised at 0x3ffb8970
[0;32mI (833) heap_init: At 3FFB8970 len 00027690 (157 KiB): DRAM[0m
[0;32mI (839) heap_init: At 3FFE0440 len 00003AE0 (14 KiB): D/IRAM[0m
[0;32mI (844) heap_init: At 3FFE4350 len 0001BCB0 (111 KiB): D/IRAM[0m
D (850) heap_init: New heap initialised at 0x40097fc4
[0;32mI (854) heap_init: At 40097FC4 len 0000803C (32 KiB): IRAM[0m
D (860) cpu_start: calling init function: 0x400d2c14 on core: 0
D (865) cpu_start: calling init function: 0x400d608c on core: 0
D (871) cpu_start: calling init function: 0x400d3634 on core: 0
D (877) intr_alloc: Connected src 46 to int 1 (cpu 0)
D (881) cpu_start: calling init function: 0x400d3640 on core: 0
D (887) cpu_start: calling init function: 0x400d7860 on core: 0
D (893) cpu_start: calling init function: 0x400d9a54 on core: 0
D (898) cpu_start: calling init function: 0x400d8264 on core: 0
D (904) cpu_start: calling init function: 0x400d6098 on core: 0
D (910) cpu_start: calling init function: 0x400d364c on core: 0
D (915) spi_flash: trying chip: issi
D (918) spi_flash: trying chip: gd
D (922) spi_flash: trying chip: mxic
D (925) spi_flash: trying chip: winbond
D (928) spi_flash: trying chip: generic
[0;32mI (932) spi_flash: detected chip: generic[0m
[0;32mI (936) spi_flash: flash io: dio[0m
D (939) cpu_start: calling init function: 0x400d3024 on core: 0
D (944) cpu_start: calling init function: 0x401543a8
D (949) cpu_start: calling init function: 0x400ffa64
D (954) cpu_start: calling init function: 0x400e6124
D (959) cpu_start: calling init function: 0x400e30f0
D (963) cpu_start: calling init function: 0x400df9cc
[0;33mW (968) ADC: legacy driver is deprecated, please migrate to `esp_adc/adc_oneshot.h`[0m
D (975) cpu_start: calling init function: 0x400df92c
[0;33mW (980) i2s(legacy): legacy i2s driver is deprecated, please migrate to use driver/i2s_std.h, driver/i2s_pdm.h or driver/i2s_tdm.h[0m
D (991) cpu_start: calling init function: 0x40088c80
D (996) cpu_start: calling init function: 0x400d447c
D (1001) cpu_start: calling init function: 0x40143dc0 on core: 0
D (1007) intr_alloc: Connected src 17 to int 2 (cpu 0)
D (1011) cpu_start: calling init function: 0x40168774 on core: 0
D (1017) cpu_start: calling init function: 0x400d367c on core: 0
D (1023) intr_alloc: Connected src 24 to int 3 (cpu 0)
D (1028) app_start: Starting scheduler on CPU0
I (103D (1032) intr_alloc: Connected src 25 to int 1 (cpu 1)
D (1032) app_start: Starting scheduler on CPU1
2) main_task: Started on CPU0
D (1042) heap_init: New heap initialised at 0x3ffe0440
D (1042) heap_init: New heap initialised at 0x3ffe4350
D (1052) intr_alloc: Connected src 16 to int 5 (cpu 0)
[0;32mI (1052) main_task: Calling app_main()[0m
[0;32mI (1102) wifi:wifi driver task: 3ffc0a64, prio:23, stack:6656, core=0[0m
[0;32mI (1112) wifi:wifi firmware version: 3a3aca644[0m
[0;32mI (1122) wifi:wifi certification version: v7.0[0m
[0;32mI (1122) wifi:config NVS flash: enabled[0m
[0;32mI (1122) wifi:config nano formatting: disabled[0m
[0;32mI (1122) wifi:Init data frame dynamic rx buffer num: 32[0m
[0;32mI (1132) wifi:Init static rx mgmt buffer num: 5[0m
[0;32mI (1132) wifi:Init management short buffer num: 32[0m
[0;32mI (1132) wifi:Init dynamic tx buffer num: 32[0m
[0;32mI (1142) wifi:Init static rx buffer size: 1600[0m
[0;32mI (1142) wifi:Init static rx buffer num: 10[0m
[0;32mI (1152) wifi:Init dynamic rx buffer num: 32[0m
[0;32mI (1152) wifi_init: rx ba win: 6[0m
[0;32mI (1152) wifi_init: accept mbox: 6[0m
[0;32mI (1162) wifi_init: tcpip mbox: 32[0m
[0;32mI (1162) wifi_init: udp mbox: 6[0m
[0;32mI (1162) wifi_init: tcp mbox: 6[0m
[0;32mI (1162) wifi_init: tcp tx win: 5760[0m
[0;32mI (1172) wifi_init: tcp rx win: 5760[0m
[0;32mI (1172) wifi_init: tcp mss: 1440[0m
[0;32mI (1172) wifi_init: WiFi IRAM OP enabled[0m
[0;32mI (1182) wifi_init: WiFi RX IRAM OP enabled[0m
[0;32mI (1202) phy_init: phy_version 4860,6b7a6e5,Feb  6 2025,14:47:07[0m
[0;32mI (1282) wifi:mode : sta (94:54:c5:b5:f9:ec)[0m
[0;32mI (1282) wifi:enable tsf[0m
[0;32mI (1282) wifi:Set ps type: 0, coexist: 0[0m

[0;32mI (1282) WebSocketTest: Wi-Fi init done. SSID=Partagedeco[0m
[0;32mI (1292) WebSocketTest: Audio player init done.[0m
[0;32mI (1292) WebSocketTest: Waiting for Wi-Fi + WebSocket connection...[0m
[0;32mI (1292) main_task: Returned from app_main()[0m
[0;32mI (1302) wifi:new:<6,0>, old:<1,0>, ap:<255,255>, sta:<6,0>, prof:1, snd_ch_cfg:0x0[0m
[0;32mI (1302) wifi:state: init -> auth (0xb0)[0m
[0;32mI (1332) wifi:state: auth -> assoc (0x0)[0m
[0;32mI (1342) wifi:Association refused temporarily time 1269, comeback time 1369 (TUs)[0m
[0;32mI (2742) wifi:state: assoc -> assoc (0x0)[0m
[0;32mI (2742) wifi:state: assoc -> init (0x6c0)[0m
[0;32mI (2792) wifi:new:<6,0>, old:<6,0>, ap:<255,255>, sta:<6,0>, prof:1, snd_ch_cfg:0x0[0m
[0;32mI (2792) WebSocketTest: Retrying Wi-Fi connection...[0m
[0;32mI (5212) WebSocketTest: Retrying Wi-Fi connection...[0m
[0;32mI (5222) wifi:new:<6,0>, old:<6,0>, ap:<255,255>, sta:<6,0>, prof:1, snd_ch_cfg:0x0[0m
[0;32mI (5222) wifi:state: init -> auth (0xb0)[0m
[0;32mI (5232) wifi:state: auth -> assoc (0x0)[0m
[0;32mI (5242) wifi:state: assoc -> run (0x10)[0m
[0;32mI (5312) wifi:connected with Partagedeco, aid = 1, channel 6, BW20, bssid = aa:f0:fe:0d:99:0e[0m
[0;32mI (5312) wifi:security: WPA2-PSK, phy: bgn, rssi: -56[0m
[0;32mI (5322) wifi:pm start, type: 0[0m

[0;32mI (5322) wifi:dp: 1, bi: 102400, li: 3, scale listen interval from 307200 us to 307200 us[0m
[0;32mI (5382) wifi:dp: 2, bi: 102400, li: 4, scale listen interval from 307200 us to 409600 us[0m
[0;32mI (5382) wifi:AP's beacon interval = 102400 us, DTIM period = 2[0m
[0;32mI (6402) esp_netif_handlers: sta ip: 10.178.57.71, mask: 255.255.255.0, gw: 10.178.57.21[0m
[0;32mI (6402) WebSocketTest: Got IP: 10.178.57.71[0m
[0;32mI (6402) WebSocketTest: Starting WebSocket...[0m
[0;32mI (6402) websocket_client: Started[0m
[0;32mI (6402) WebSocketTest: WebSocket started => wss://api.interaction-labs.com/esp/test[0m
[0;32mI (6552) wifi:<ba-add>idx:0 (ifx:0, aa:f0:fe:0d:99:0e), tid:0, ssn:3, winSize:64[0m
[0;32mI (7382) esp-x509-crt-bundle: Certificate validated[0m
[0;32mI (8712) WebSocketTest: WebSocket connected[0m
[0;32mI (8722) WebSocketTest: Audio chunk size=1024, first 8 bytes:[0m
FF FF 00 00 00 00 00 00 
[0;32mI (8722) WebSocketTest: Audio chunk last 8 bytes:[0m
00 00 00 00 00 00 00 00 
[0;32mI (8722) WebSocketTest: Received AUDIO frame, size=1024[0m
[0;32mI (8732) WebSocketTest: Received from server: [0m
[0;32mI (8742) WebSocketTest: Audio chunk size=1024, first 8 bytes:[0m
00 00 FF FF 00 00 00 00 
[0;32mI (8742) WebSocketTest: Audio chunk last 8 bytes:[0m
01 00 FF FF 00 00 01 00 
[0;32mI (8752) WebSocketTest: Received AUDIO frame, size=1024[0m
[0;32mI (8752) WebSocketTest: Received from server: [0m
[0;32mI (8762) WebSocketTest: Audio chunk size=1024, first 8 bytes:[0m
00 00 FF FF FF FF 00 00 
[0;32mI (8762) WebSocketTest: Audio chunk last 8 bytes:[0m
FD FF FF FF 02 00 05 00 
[0;32mI (8772) WebSocketTest: Received AUDIO frame, size=1024[0m
[0;32mI (8782) WebSocketTest: Received from server: [0m
[0;32mI (8782) WebSocketTest: Audio chunk size=1024, first 8 bytes:[0m
05 00 05 00 04 00 02 00 
[0;32mI (8792) WebSocketTest: Audio chunk last 8 bytes:[0m
30 FF 2C FF 25 FF 24 00 
[0;32mI (8792) WebSocketTest: Received AUDIO frame, size=1024[0m
[0;32mI (8802) WebSocketTest: Received from server: ï¿½
[0;32mI (8812) WebSocketTest: Sent: Test message 1[0m
[0;32mI (8822) WebSocketTest: Audio chunk size=1024, first 8 bytes:[0m
24 FF 23 FF 24 FF 24 FF 
[0;32mI (8822) WebSocketTest: Audio chunk last 8 bytes:[0m
1B 00 26 00 20 00 0F 80 
[0;32mI (8822) WebSocketTest: Received AUDIO frame, size=1024[0m
[0;32mI (8832) WebSocketTest: Received from server: [0m
[0;32mI (8842) WebSocketTest: Audio chunk size=1024, first 8 bytes:[0m
05 00 0B 00 11 00 0E 00 
[0;32mI (8842) WebSocketTest: Audio chunk last 8 bytes:[0m
E0 00 E2 00 E5 00 E5 80 
[0;32mI (8852) WebSocketTest: Received AUDIO frame, size=1024[0m
[0;32mI (8852) WebSocketTest: Received from server: [0m
[0;32mI (8862) WebSocketTest: Audio chunk size=1024, first 8 bytes:[0m
E8 00 E9 00 ED 00 EF 00 
[0;32mI (8862) WebSocketTest: Audio chunk last 8 bytes:[0m
A4 00 A4 00 A4 00 A3 80 
[0;32mI (8872) WebSocketTest: Received AUDIO frame, size=1024[0m
[0;32mI (8872) WebSocketTest: Received from server: [0m
[0;32mI (8882) WebSocketTest: Audio chunk size=1024, first 8 bytes:[0m
A1 00 9C 00 9C 00 9E 00 
[0;32mI (8892) WebSocketTest: Audio chunk last 8 bytes:[0m
E1 FF E2 FF E1 FF E1 00 
[0;32mI (8892) WebSocketTest: Received AUDIO frame, size=1024[0m
[0;32mI (8902) WebSocketTest: Received from server: ï¿½
[0;32mI (8942) WebSocketTest: Audio chunk size=1024, first 8 bytes:[0m
E0 FF DD FF D9 FF D7 FF 
[0;32mI (8942) WebSocketTest: Audio chunk last 8 bytes:[0m
E9 FF EB FF E8 FF E3 80 
[0;32mI (8942) WebSocketTest: Received AUDIO frame, size=1024[0m
[0;32mI (8952) WebSocketTest: Received from server: ï¿½
[0;32mI (8962) WebSocketTest: Audio chunk size=1024, first 8 bytes:[0m
E3 FF E4 FF E4 FF E0 FF 
[0;32mI (8962) WebSocketTest: Audio chunk last 8 bytes:[0m
90 00 8E 00 8F 00 90 00 
[0;32mI (8962) WebSocketTest: Received AUDIO frame, size=1024[0m
[0;32mI (8972) WebSocketTest: Received from server: [0m
[0;32mI (8982) WebSocketTest: Audio chunk size=1024, first 8 bytes:[0m
92 00 92 00 91 00 91 00 
[0;32mI (8982) WebSocketTest: Audio chunk last 8 bytes:[0m
6E 01 6F 01 72 01 72 00 
[0;32mI (8992) WebSocketTest: Received AUDIO frame, size=1024[0m
[0;32mI (8992) WebSocketTest: Received TEXT(0x01) => [0m
[0;32mI (9002) WebSocketTest: Audio chunk size=1024, first 8 bytes:[0m
FF FF 00 00 00 00 00 00 
[0;32mI (9002) WebSocketTest: Audio chunk last 8 bytes:[0m
00 00 00 00 00 00 00 81 
[0;32mI (9012) WebSocketTest: Received AUDIO frame, size=1024[0m
[0;32mI (9022) WebSocketTest: Received from server: [0m
[0;32mI (9032) WebSocketTest: Audio chunk size=1024, first 8 bytes:[0m
00 00 FF FF 00 00 00 00 
[0;32mI (9032) WebSocketTest: Audio chunk last 8 bytes:[0m
01 00 FF FF 00 00 01 00 
[0;32mI (9032) WebSocketTest: Received AUDIO frame, size=1024[0m
[0;32mI (9042) WebSocketTest: Received from server: [0m
[0;32mI (9052) WebSocketTest: Audio chunk size=1024, first 8 bytes:[0m
00 00 FF FF FF FF 00 00 
[0;32mI (9052) WebSocketTest: Audio chunk last 8 bytes:[0m
FD FF FF FF 02 00 05 00 
[0;32mI (9062) WebSocketTest: Received AUDIO frame, size=1024[0m
[0;32mI (9062) WebSocketTest: Received from server: [0m
[0;32mI (9072) WebSocketTest: Audio chunk size=1024, first 8 bytes:[0m
05 00 05 00 04 00 02 00 
[0;32mI (9082) WebSocketTest: Audio chunk last 8 bytes:[0m
30 FF 2C FF 25 FF 24 80 
[0;32mI (9082) WebSocketTest: Received AUDIO frame, size=1024[0m
[0;32mI (9092) WebSocketTest: Received from server: ï¿½
[0;32mI (9102) WebSocketTest: Audio chunk size=1024, first 8 bytes:[0m
24 FF 23 FF 24 FF 24 FF 
[0;32mI (9102) WebSocketTest: Audio chunk last 8 bytes:[0m
1B 00 26 00 20 00 0F 05 
[0;32mI (9112) WebSocketTest: Received AUDIO frame, size=1024[0m
[0;32mI (9112) WebSocketTest: Received from server: [0m
[0;32mI (9122) WebSocketTest: Audio chunk size=1024, first 8 bytes:[0m
05 00 0B 00 11 00 0E 00 
[0;32mI (9122) WebSocketTest: Audio chunk last 8 bytes:[0m
E0 00 E2 00 E5 00 E5 54 
[0;32mI (9132) WebSocketTest: Received AUDIO frame, size=1024[0m
[0;32mI (9132) WebSocketTest: Received from server: [0m
[0;32mI (9142) WebSocketTest: Audio chunk size=1024, first 8 bytes:[0m
E8 00 E9 00 ED 00 EF 00 
[0;32mI (9152) WebSocketTest: Audio chunk last 8 bytes:[0m
A4 00 A4 00 A4 00 A3 54 
[0;32mI (9152) WebSocketTest: Received AUDIO frame, size=1024[0m
[0;32mI (9162) WebSocketTest: Received from server: [0m
[0;32mI (9172) WebSocketTest: Audio chunk size=1024, first 8 bytes:[0m
A1 00 9C 00 9C 00 9E 00 
[0;32mI (9172) WebSocketTest: Audio chunk last 8 bytes:[0m
E1 FF E2 FF E1 FF E1 54 
[0;32mI (9182) WebSocketTest: Received AUDIO frame, size=1024[0m
[0;32mI (9182) WebSocketTest: Received from server: ï¿½
[0;32mI (9192) WebSocketTest: Audio chunk size=1024, first 8 bytes:[0m
E0 FF DD FF D9 FF D7 FF 
[0;32mI (9192) WebSocketTest: Audio chunk last 8 bytes:[0m
E9 FF EB FF E8 FF E3 00 
[0;32mI (9202) WebSocketTest: Received AUDIO frame, size=1024[0m
[0;32mI (9202) WebSocketTest: Received from server: ï¿½
[0;32mI (9222) WebSocketTest: Audio chunk size=1024, first 8 bytes:[0m
E3 FF E4 FF E4 FF E0 FF 
[0;32mI (9222) WebSocketTest: Audio chunk last 8 bytes:[0m
90 00 8E 00 8F 00 90 81 
[0;32mI (9222) WebSocketTest: Received AUDIO frame, size=1024[0m
[0;32mI (9232) WebSocketTest: Received from server: [0m
[0;32mI (9232) WebSocketTest: Audio chunk size=1024, first 8 bytes:[0m
92 00 92 00 91 00 91 00 
[0;32mI (9242) WebSocketTest: Audio chunk last 8 bytes:[0m
6E 01 6F 01 72 01 72 34 
[0;32mI (9252) WebSocketTest: Received AUDIO frame, size=1024[0m
[0;32mI (9252) WebSocketTest: Received TEXT(0x01) => [0m
[0;32mI (9262) WebSocketTest: Received TEXT(0x01) => ACK: Test message 1[0m
[0;32mI (9262) WebSocketTest: Received from server: ï¿½
[0;33mW (9322) transport_ws: esp_transport_ws_poll_connection_closed: unexpected data readable on socket=54[0m
[0;33mW (9322) websocket_client: Connection terminated while waiting for clean TCP close[0m
et JIï¿½Âï¿½$ï¿½ï¿½ï¿½Òªj

r.ï¿½01Bu=9IM,bï¿½Ñ´'ï¿½1li}M}!}Q)ï¿½hï¿½ï¿½ï¿½Í¥ 0 Sï¿½ï¿½Â5
l_dv:x0_dFï¿½Kï¿½,_dv0x0cs_ï¿½ï¿½:ï¿½hd_r:00,w}"ï¿½:ï¿½0jmoeDI,clk ï¿½ï¿½*ï¿½2FHï¿½+ï¿½:ï¿½3f00&bï¿½ï¿½ï¿½ï¿½ï¿½ï¿½j
la:0407ï¿½bl3:Gï¿½ï¿½j
la:x4ï¿½ï¿½	bb)Kï¿½Âjenryï¿½4ï¿½ï¿½iï¿½j
[0;32mI (26) boot: ESP-IDF v5.5-dev-2290-g94cfe394fe 2nd stage bootloader[0m
[0;32mI (26) boot: compile time Mar 11 2025 12:22:36[0m
[0;32mI (27) boot: Multicore bootloader[0m
[0;32mI (29) boot: chip revision: v1.1[0m
[0;32mI (32) boot.esp32: SPI Speed      : 40MHz[0m
[0;32mI (36) boot.esp32: SPI Mode       : DIO[0m
[0;32mI (39) boot.esp32: SPI Flash Size : 4MB[0m
[0;32mI (43) boot: Enabling RNG early entropy source...[0m
[0;32mI (48) boot: Partition Table:[0m
[0;32mI (50) boot: ## Label            Usage          Type ST Offset   Length[0m
[0;32mI (56) boot:  0 nvs              WiFi data        01 02 00009000 00006000[0m
[0;32mI (63) boot:  1 otadata          OTA data         01 00 0000f000 00002000[0m
[0;32mI (69) boot:  2 phy_init         RF data          01 01 00011000 00001000[0m
[0;32mI (76) boot:  3 ota_0            OTA app          00 10 00020000 001a9000[0m
[0;32mI (83) boot:  4 ota_1            OTA app          00 11 001d0000 001a9000[0m
[0;32mI (89) boot: End of partition table[0m
[0;32mI (92) esp_image: segment 0: paddr=00020020 vaddr=3f400020 size=387e8h (231400) map[0m
[0;32mI (179) esp_image: segment 1: paddr=00058810 vaddr=3ff80000 size=0001ch (    28) load[0m
[0;32mI (179) esp_image: segment 2: paddr=00058834 vaddr=3ffb0000 size=0400ch ( 16396) load[0m
[0;32mI (189) esp_image: segment 3: paddr=0005c848 vaddr=40080000 size=037d0h ( 14288) load[0m
[0;32mI (196) esp_image: segment 4: paddr=00060020 vaddr=400d0020 size=a25f8h (665080) map[0m
[0;32mI (425) esp_image: segment 5: paddr=00102620 vaddr=400837d0 size=147f4h ( 83956) load[0m
[0;32mI (470) boot: Loaded app from partition at offset 0x20000[0m
[0;32mI (470) boot: Disabling RNG early entropy source...[0m
[0;32mI (480) cpu_start: Multicore app[0m
D (480) cpu_start: Pro cpu up
D (480) cpu_start: Starting app cpu, entry point is 0x40081540
D (0) cpu_start: App cpu up
D (489) clk: RTC_SLOW_CLK calibration value: 3100070
D (500) cpu_start: calling init function: 0x400d2f84 on core: 0
D (501) cpu_start: calling init function: 0x400d35f0 on core: 0
[0;32mI (502) cpu_start: Pro cpu start user code[0m
[0;32mI (506) cpu_start: cpu freq: 160000000 Hz[0m
D (510) cpu_start: calling init function: 0x400d2ec4 on core: 0
[0;32mI (515) app_init: Application information:[0m
[0;32mI (519) app_init: Project name:     hello_world[0m
[0;32mI (523) app_init: App version:      210f178-dirty[0m
[0;32mI (528) app_init: Compile time:     Mar 11 2025 12:22:32[0m
[0;32mI (533) app_init: ELF file SHA256:  b948b7539...[0m
[0;32mI (537) app_init: ESP-IDF:          v5.5-dev-2290-g94cfe394fe[0m
D (543) cpu_start: calling init function: 0x400d2f98 on core: 0
[0;32mI (548) efuse_init: Min chip rev:     v0.0[0m
[0;32mI (552) efuse_init: Max chip rev:     v3.99 [0m
[0;32mI (556) efuse_init: Chip rev:         v1.1[0m
D (560) cpu_start: calling init function: 0x400d4f60 on core: 0
D (566) memory_layout: Checking 9 reserved memory ranges:
D (571) memory_layout: Reserved memory range 0x3ff82000 - 0x3ff82000
D (577) memory_layout: Reserved memory range 0x3ffae000 - 0x3ffae6e0
D (583) memory_layout: Reserved memory range 0x3ffb0000 - 0x3ffb8970
D (589) memory_layout: Reserved memory range 0x3ffe0000 - 0x3ffe0440
D (595) memory_layout: Reserved memory range 0x3ffe3f20 - 0x3ffe4350
D (601) memory_layout: Reserved memory range 0x40070000 - 0x40078000
D (607) memory_layout: Reserved memory range 0x40078000 - 0x40080000
D (613) memory_layout: Reserved memory range 0x40080000 - 0x40097fc4
D (619) memory_layout: Reserved memory range 0x50001fe8 - 0x50002000
D (625) memory_layout: Building list of available memory regions:
D (631) memory_layout: Available memory region 0x3ffae6e0 - 0x3ffb0000
D (638) memory_layout: Available memory region 0x3ffb8970 - 0x3ffc0000
D (644) memory_layout: Available memory region 0x3ffc0000 - 0x3ffc2000
D (650) memory_layout: Available memory region 0x3ffc2000 - 0x3ffc4000
D (656) memory_layout: Available memory region 0x3ffc4000 - 0x3ffc6000
D (663) memory_layout: Available memory region 0x3ffc6000 - 0x3ffc8000
D (669) memory_layout: Available memory region 0x3ffc8000 - 0x3ffca000
D (675) memory_layout: Available memory region 0x3ffca000 - 0x3ffcc000
D (681) memory_layout: Available memory region 0x3ffcc000 - 0x3ffce000
D (688) memory_layout: Available memory region 0x3ffce000 - 0x3ffd0000
D (694) memory_layout: Available memory region 0x3ffd0000 - 0x3ffd2000
D (700) memory_layout: Available memory region 0x3ffd2000 - 0x3ffd4000
D (706) memory_layout: Available memory region 0x3ffd4000 - 0x3ffd6000
D (713) memory_layout: Available memory region 0x3ffd6000 - 0x3ffd8000
D (719) memory_layout: Available memory region 0x3ffd8000 - 0x3ffda000
D (725) memory_layout: Available memory region 0x3ffda000 - 0x3ffdc000
D (731) memory_layout: Available memory region 0x3ffdc000 - 0x3ffde000
D (738) memory_layout: Available memory region 0x3ffde000 - 0x3ffe0000
D (744) memory_layout: Available memory region 0x3ffe0440 - 0x3ffe3f20
D (750) memory_layout: Available memory region 0x3ffe4350 - 0x3ffe8000
D (756) memory_layout: Available memory region 0x3ffe8000 - 0x3fff0000
D (763) memory_layout: Available memory region 0x3fff0000 - 0x3fff8000
D (769) memory_layout: Available memory region 0x3fff8000 - 0x3fffc000
D (775) memory_layout: Available memory region 0x3fffc000 - 0x40000000
D (781) memory_layout: Available memory region 0x40097fc4 - 0x40098000
D (788) memory_layout: Available memory region 0x40098000 - 0x4009a000
D (794) memory_layout: Available memory region 0x4009a000 - 0x4009c000
D (800) memory_layout: Available memory region 0x4009c000 - 0x4009e000
D (806) memory_layout: Available memory region 0x4009e000 - 0x400a0000
[0;32mI (813) heap_init: Initializing. RAM available for dynamic allocation:[0m
D (819) heap_init: New heap initialised at 0x3ffae6e0
[0;32mI (824) heap_init: At 3FFAE6E0 len 00001920 (6 KiB): DRAM[0m
D (829) heap_init: New heap initialised at 0x3ffb8970
[0;32mI (833) heap_init: At 3FFB8970 len 00027690 (157 KiB): DRAM[0m
[0;32mI (839) heap_init: At 3FFE0440 len 00003AE0 (14 KiB): D/IRAM[0m
[0;32mI (844) heap_init: At 3FFE4350 len 0001BCB0 (111 KiB): D/IRAM[0m
D (850) heap_init: New heap initialised at 0x40097fc4
[0;32mI (854) heap_init: At 40097FC4 len 0000803C (32 KiB): IRAM[0m
D (860) cpu_start: calling init function: 0x400d2c14 on core: 0
D (865) cpu_start: calling init function: 0x400d608c on core: 0
D (871) cpu_start: calling init function: 0x400d3634 on core: 0
D (877) intr_alloc: Connected src 46 to int 1 (cpu 0)
D (881) cpu_start: calling init function: 0x400d3640 on core: 0
D (887) cpu_start: calling init function: 0x400d7860 on core: 0
D (893) cpu_start: calling init function: 0x400d9a54 on core: 0
D (898) cpu_start: calling init function: 0x400d8264 on core: 0
D (904) cpu_start: calling init function: 0x400d6098 on core: 0
D (910) cpu_start: calling init function: 0x400d364c on core: 0
D (915) spi_flash: trying chip: issi
D (918) spi_flash: trying chip: gd
D (922) spi_flash: trying chip: mxic
D (925) spi_flash: trying chip: winbond
D (928) spi_flash: trying chip: generic
[0;32mI (932) spi_flash: detected chip: generic[0m
[0;32mI (936) spi_flash: flash io: dio[0m
D (939) cpu_start: calling init function: 0x400d3024 on core: 0
D (944) cpu_start: calling init function: 0x401543a8
D (949) cpu_start: calling init function: 0x400ffa64
D (954) cpu_start: calling init function: 0x400e6124
D (958) cpu_start: calling init function: 0x400e30f0
D (963) cpu_start: calling init function: 0x400df9cc
[0;33mW (968) ADC: legacy driver is deprecated, please migrate to `esp_adc/adc_oneshot.h`[0m
D (975) cpu_start: calling init function: 0x400df92c
[0;33mW (980) i2s(legacy): legacy i2s driver is deprecated, please migrate to use driver/i2s_std.h, driver/i2s_pdm.h or driver/i2s_tdm.h[0m
D (991) cpu_start: calling init function: 0x40088c80
D (996) cpu_start: calling init function: 0x400d447c
D (1001) cpu_start: calling init function: 0x40143dc0 on core: 0
D (1007) intr_alloc: Connected src 17 to int 2 (cpu 0)
D (1011) cpu_start: calling init function: 0x40168774 on core: 0
D (1017) cpu_start: calling init function: 0x400d367c on core: 0
D (1023) intr_alloc: Connected src 24 to int 3 (cpu 0)
D (1028) app_start: Starting scheduler on CPU0
I (103D (1032) intr_alloc: Connected src 25 to int 1 (cpu 1)
D (1032) app_start: Starting scheduler on CPU1
2) main_task: Started on CPU0
D (1042) heap_init: New heap initialised at 0x3ffe0440
D (1042) heap_init: New heap initialised at 0x3ffe4350
D (1052) intr_alloc: Connected src 16 to int 5 (cpu 0)
[0;32mI (1052) main_task: Calling app_main()[0m
[0;32mI (1102) wifi:wifi driver task: 3ffc0a64, prio:23, stack:6656, core=0[0m
[0;32mI (1112) wifi:wifi firmware version: 3a3aca644[0m
[0;32mI (1112) wifi:wifi certification version: v7.0[0m
[0;32mI (1122) wifi:config NVS flash: enabled[0m
[0;32mI (1122) wifi:config nano formatting: disabled[0m
[0;32mI (1122) wifi:Init data frame dynamic rx buffer num: 32[0m
[0;32mI (1132) wifi:Init static rx mgmt buffer num: 5[0m
[0;32mI (1132) wifi:Init management short buffer num: 32[0m
[0;32mI (1132) wifi:Init dynamic tx buffer num: 32[0m
[0;32mI (1142) wifi:Init static rx buffer size: 1600[0m
[0;32mI (1142) wifi:Init static rx buffer num: 10[0m
[0;32mI (1152) wifi:Init dynamic rx buffer num: 32[0m
[0;32mI (1152) wifi_init: rx ba win: 6[0m
[0;32mI (1152) wifi_init: accept mbox: 6[0m
[0;32mI (1162) wifi_init: tcpip mbox: 32[0m
[0;32mI (1162) wifi_init: udp mbox: 6[0m
[0;32mI (1162) wifi_init: tcp mbox: 6[0m
[0;32mI (1162) wifi_init: tcp tx win: 5760[0m
[0;32mI (1172) wifi_init: tcp rx win: 5760[0m
[0;32mI (1172) wifi_init: tcp mss: 1440[0m
[0;32mI (1172) wifi_init: WiFi IRAM OP enabled[0m
[0;32mI (1182) wifi_init: WiFi RX IRAM OP enabled[0m
[0;32mI (1202) phy_init: phy_version 4860,6b7a6e5,Feb  6 2025,14:47:07[0m
[0;32mI (1282) wifi:mode : sta (94:54:c5:b5:f9:ec)[0m
[0;32mI (1282) wifi:enable tsf[0m
[0;32mI (1282) wifi:Set ps type: 0, coexist: 0[0m

[0;32mI (1282) WebSocketTest: Wi-Fi init done. SSID=Partagedeco[0m
[0;32mI (1292) WebSocketTest: Audio player init done.[0m
[0;32mI (1292) WebSocketTest: Waiting for Wi-Fi + WebSocket connection...[0m
[0;32mI (1292) main_task: Returned from app_main()[0m
[0;32mI (1342) wifi:new:<6,0>, old:<1,0>, ap:<255,255>, sta:<6,0>, prof:1, snd_ch_cfg:0x0[0m
[0;32mI (1342) wifi:state: init -> auth (0xb0)[0m
[0;32mI (1342) wifi:state: auth -> assoc (0x0)[0m
[0;32mI (1352) wifi:Association refused temporarily time 1269, comeback time 1369 (TUs)[0m
[0;32mI (2752) wifi:state: assoc -> assoc (0x0)[0m
[0;32mI (2752) wifi:state: assoc -> init (0x6c0)[0m
[0;32mI (2772) wifi:new:<6,0>, old:<6,0>, ap:<255,255>, sta:<6,0>, prof:1, snd_ch_cfg:0x0[0m
[0;32mI (2772) WebSocketTest: Retrying Wi-Fi connection...[0m
[0;32mI (5192) WebSocketTest: Retrying Wi-Fi connection...[0m
[0;32mI (5202) wifi:new:<6,0>, old:<6,0>, ap:<255,255>, sta:<6,0>, prof:1, snd_ch_cfg:0x0[0m
[0;32mI (5202) wifi:state: init -> auth (0xb0)[0m
[0;32mI (5212) wifi:state: auth -> assoc (0x0)[0m
[0;32mI (5232) wifi:state: assoc -> run (0x10)[0m
[0;32mI (5242) wifi:connected with Partagedeco, aid = 1, channel 6, BW20, bssid = aa:f0:fe:0d:99:0e[0m
[0;32mI (5242) wifi:security: WPA2-PSK, phy: bgn, rssi: -53[0m
[0;32mI (5262) wifi:pm start, type: 0[0m

[0;32mI (5262) wifi:dp: 1, bi: 102400, li: 3, scale listen interval from 307200 us to 307200 us[0m
[0;32mI (5322) wifi:dp: 2, bi: 102400, li: 4, scale listen interval from 307200 us to 409600 us[0m
[0;32mI (5332) wifi:AP's beacon interval = 102400 us, DTIM period = 2[0m
[0;32mI (6302) esp_netif_handlers: sta ip: 10.178.57.71, mask: 255.255.255.0, gw: 10.178.57.21[0m
[0;32mI (6302) WebSocketTest: Got IP: 10.178.57.71[0m
[0;32mI (6302) WebSocketTest: Starting WebSocket...[0m
[0;32mI (6302) websocket_client: Started[0m
[0;32mI (6302) WebSocketTest: WebSocket started => wss://api.interaction-labs.com/esp/test[0m
[0;32mI (6382) wifi:<ba-add>idx:0 (ifx:0, aa:f0:fe:0d:99:0e), tid:0, ssn:3, winSize:64[0m
[0;32mI (7212) esp-x509-crt-bundle: Certificate validated[0m
[0;32mI (8262) WebSocketTest: WebSocket connected[0m
[0;32mI (8272) WebSocketTest: Audio chunk size=513, first 8 bytes:[0m
FF FF 00 00 00 00 00 00 
[0;32mI (8272) WebSocketTest: Audio chunk last 8 bytes:[0m
00 00 00 FF FF 00 00 00 
[0;32mI (8272) WebSocketTest: Received AUDIO frame, size=513[0m
[0;32mI (8282) WebSocketTest: Audio chunk size=513, first 8 bytes:[0m
00 00 00 00 00 00 00 00 
[0;32mI (8292) WebSocketTest: Audio chunk last 8 bytes:[0m
00 00 00 00 00 00 00 00 
[0;32mI (8292) WebSocketTest: Received AUDIO frame, size=513[0m
[0;32mI (8312) WebSocketTest: Sent: Test message 1[0m
[0;32mI (8312) WebSocketTest: Audio chunk size=513, first 8 bytes:[0m
00 00 FF FF 00 00 00 00 
[0;32mI (8312) WebSocketTest: Audio chunk last 8 bytes:[0m
00 00 00 00 00 00 00 00 
[0;32mI (8322) WebSocketTest: Received AUDIO frame, size=513[0m
[0;32mI (8332) WebSocketTest: Audio chunk size=513, first 8 bytes:[0m
00 00 FF FF 00 00 00 00 
[0;32mI (8332) WebSocketTest: Audio chunk last 8 bytes:[0m
00 FF FF 00 00 01 00 00 
[0;32mI (8342) WebSocketTest: Received AUDIO frame, size=513[0m
[0;32mI (8352) WebSocketTest: Audio chunk size=513, first 8 bytes:[0m
00 00 FF FF FF FF 00 00 
[0;32mI (8352) WebSocketTest: Audio chunk last 8 bytes:[0m
FF ED FF F0 FF F2 FF 00 
[0;32mI (8362) WebSocketTest: Received AUDIO frame, size=513[0m
[0;32mI (8362) WebSocketTest: Audio chunk size=513, first 8 bytes:[0m
F5 FF F9 FF FB FF FD FF 
[0;32mI (8372) WebSocketTest: Audio chunk last 8 bytes:[0m
FF FF FF 02 00 05 00 00 
[0;32mI (8372) WebSocketTest: Received AUDIO frame, size=513[0m
[0;32mI (8382) WebSocketTest: Audio chunk size=513, first 8 bytes:[0m
05 00 05 00 04 00 02 00 
[0;32mI (8392) WebSocketTest: Audio chunk last 8 bytes:[0m
FF BD FF BF FF BD FF 00 
[0;32mI (8392) WebSocketTest: Received AUDIO frame, size=513[0m
[0;32mI (8562) WebSocketTest: Audio chunk size=513, first 8 bytes:[0m
BF FF C2 FF C0 FF BD FF 
[0;32mI (8562) WebSocketTest: Audio chunk last 8 bytes:[0m
FF 2C FF 25 FF 24 FF 00 
[0;32mI (8572) WebSocketTest: Received AUDIO frame, size=513[0m
[0;32mI (8582) WebSocketTest: Audio chunk size=513, first 8 bytes:[0m
24 FF 23 FF 24 FF 24 FF 
[0;32mI (8582) WebSocketTest: Audio chunk last 8 bytes:[0m
FF 9F FF A1 FF A1 FF 00 
[0;32mI (8592) WebSocketTest: Received AUDIO frame, size=513[0m
[0;32mI (8592) WebSocketTest: Audio chunk size=513, first 8 bytes:[0m
A2 FF 9F FF 9D FF 9A FF 
[0;32mI (8602) WebSocketTest: Audio chunk last 8 bytes:[0m
00 26 00 20 00 0F 00 00 
[0;32mI (8602) WebSocketTest: Received AUDIO frame, size=513[0m
[0;32mI (8612) WebSocketTest: Audio chunk size=513, first 8 bytes:[0m
05 00 0B 00 11 00 0E 00 
[0;32mI (8622) WebSocketTest: Audio chunk last 8 bytes:[0m
00 68 00 66 00 68 00 00 
[0;32mI (8622) WebSocketTest: Received AUDIO frame, size=513[0m
[0;32mI (8632) WebSocketTest: Audio chunk size=513, first 8 bytes:[0m
6B 00 6A 00 69 00 6D 00 
[0;32mI (8642) WebSocketTest: Audio chunk last 8 bytes:[0m
00 E2 00 E5 00 E5 00 00 
[0;32mI (8642) WebSocketTest: Received AUDIO frame, size=513[0m
[0;32mI (8652) WebSocketTest: Audio chunk size=513, first 8 bytes:[0m
E8 00 E9 00 ED 00 EF 00 
[0;32mI (8662) WebSocketTest: Audio chunk last 8 bytes:[0m
01 67 01 6B 01 6F 01 00 
[0;32mI (8662) WebSocketTest: Received AUDIO frame, size=513[0m
[0;32mI (8672) WebSocketTest: Audio chunk size=513, first 8 bytes:[0m
6E 01 6B 01 68 01 69 01 
[0;32mI (8672) WebSocketTest: Audio chunk last 8 bytes:[0m
00 A4 00 A4 00 A3 00 00 
[0;32mI (8682) WebSocketTest: Received AUDIO frame, size=513[0m
[0;32mI (8692) WebSocketTest: Audio chunk size=513, first 8 bytes:[0m
A1 00 9C 00 9C 00 9E 00 
[0;32mI (8692) WebSocketTest: Audio chunk last 8 bytes:[0m
FF BA FF B9 FF B8 FF 00 
[0;32mI (8702) WebSocketTest: Received AUDIO frame, size=513[0m
[0;32mI (8712) WebSocketTest: Audio chunk size=513, first 8 bytes:[0m
BA FF BC FF C0 FF BF FF 
[0;32mI (8712) WebSocketTest: Audio chunk last 8 bytes:[0m
FF E2 FF E1 FF E1 FF 00 
[0;32mI (8722) WebSocketTest: Received AUDIO frame, size=513[0m
[0;32mI (8732) WebSocketTest: Audio chunk size=513, first 8 bytes:[0m
E0 FF DD FF D9 FF D7 FF 
[0;32mI (8732) WebSocketTest: Audio chunk last 8 bytes:[0m
FF A4 FF B2 FF C6 FF 00 
[0;32mI (8742) WebSocketTest: Received AUDIO frame, size=513[0m
[0;32mI (8752) WebSocketTest: Audio chunk size=513, first 8 bytes:[0m
D0 FF D4 FF DD FF EC FF 
[0;32mI (8752) WebSocketTest: Audio chunk last 8 bytes:[0m
FF EB FF E8 FF E3 FF 00 
[0;32mI (8762) WebSocketTest: Received AUDIO frame, size=513[0m
[0;32mI (8772) WebSocketTest: Audio chunk size=513, first 8 bytes:[0m
E3 FF E4 FF E4 FF E0 FF 
[0;32mI (8772) WebSocketTest: Audio chunk last 8 bytes:[0m
00 50 00 4F 00 4C 00 00 
[0;32mI (8782) WebSocketTest: Received AUDIO frame, size=513[0m
[0;32mI (8792) WebSocketTest: Audio chunk size=513, first 8 bytes:[0m
4B 00 4D 00 4F 00 51 00 
[0;32mI (8792) WebSocketTest: Audio chunk last 8 bytes:[0m
00 8E 00 8F 00 90 00 00 
[0;32mI (8802) WebSocketTest: Received AUDIO frame, size=513[0m
[0;32mI (8812) WebSocketTest: Audio chunk size=513, first 8 bytes:[0m
92 00 92 00 91 00 91 00 
[0;32mI (8812) WebSocketTest: Audio chunk last 8 bytes:[0m
00 E1 00 E3 00 E6 00 00 
[0;32mI (8822) WebSocketTest: Received AUDIO frame, size=513[0m
[0;32mI (8822) WebSocketTest: Audio chunk size=513, first 8 bytes:[0m
E3 00 E0 00 E2 00 E6 00 
[0;32mI (8832) WebSocketTest: Audio chunk last 8 bytes:[0m
01 6F 01 72 01 72 01 00 
[0;32mI (8842) WebSocketTest: Received AUDIO frame, size=513[0m
[0;32mI (8842) WebSocketTest: Audio chunk size=513, first 8 bytes:[0m
71 01 72 01 76 01 76 01 
[0;32mI (8852) WebSocketTest: Audio chunk last 8 bytes:[0m
01 39 01 37 01 36 01 00 
[0;32mI (8852) WebSocketTest: Received AUDIO frame, size=513[0m
[0;32mI (8862) WebSocketTest: Audio chunk size=513, first 8 bytes:[0m
37 01 37 01 35 01 33 01 
[0;32mI (8872) WebSocketTest: Audio chunk last 8 bytes:[0m
00 39 00 38 00 38 00 00 
[0;32mI (8872) WebSocketTest: Received AUDIO frame, size=513[0m
[0;32mI (8882) WebSocketTest: Audio chunk size=513, first 8 bytes:[0m
37 00 36 00 38 00 35 00 
[0;32mI (8892) WebSocketTest: Audio chunk last 8 bytes:[0m
FF 93 FF 95 FF 95 FF 00 
[0;32mI (8892) WebSocketTest: Received AUDIO frame, size=513[0m
[0;32mI (8902) WebSocketTest: Audio chunk size=513, first 8 bytes:[0m
92 FF 8F FF 90 FF 91 FF 
[0;32mI (8912) WebSocketTest: Audio chunk last 8 bytes:[0m
FF 53 FF 50 FF 50 FF 00 
[0;32mI (8912) WebSocketTest: Received AUDIO frame, size=513[0m
[0;32mI (8922) WebSocketTest: Audio chunk size=513, first 8 bytes:[0m
51 FF 4F FF 4D FF 4F FF 
[0;32mI (8922) WebSocketTest: Audio chunk last 8 bytes:[0m
FF 23 FF 25 FF 27 FF 00 
[0;32mI (8932) WebSocketTest: Received AUDIO frame, size=513[0m
[0;32mI (8942) WebSocketTest: Audio chunk size=513, first 8 bytes:[0m
26 FF 23 FF 22 FF 23 FF 
[0;32mI (8942) WebSocketTest: Audio chunk last 8 bytes:[0m
FE F2 FE EF FE F0 FE 00 
[0;32mI (8952) WebSocketTest: Received AUDIO frame, size=513[0m
[0;32mI (8962) WebSocketTest: Audio chunk size=513, first 8 bytes:[0m
F2 FE F2 FE F2 FE F3 FE 
[0;32mI (8962) WebSocketTest: Audio chunk last 8 bytes:[0m
FE D2 FE CF FE CD FE 00 
[0;32mI (8972) WebSocketTest: Received AUDIO frame, size=513[0m
[0;32mI (8982) WebSocketTest: Audio chunk size=513, first 8 bytes:[0m
CA FE C9 FE C8 FE C8 FE 
[0;32mI (8982) WebSocketTest: Audio chunk last 8 bytes:[0m
FE F1 FE EF FE F0 FE 00 
[0;32mI (8992) WebSocketTest: Received AUDIO frame, size=513[0m
[0;32mI (9002) WebSocketTest: Audio chunk size=513, first 8 bytes:[0m
F4 FE F4 FE F5 FE F7 FE 
[0;32mI (9002) WebSocketTest: Audio chunk last 8 bytes:[0m
FF AF FF B3 FF B6 FF 00 
[0;32mI (9012) WebSocketTest: Received AUDIO frame, size=513[0m
[0;32mI (9022) WebSocketTest: Audio chunk size=513, first 8 bytes:[0m
B6 FF B4 FF B3 FF B4 FF 
[0;32mI (9022) WebSocketTest: Audio chunk last 8 bytes:[0m
00 27 00 29 00 29 00 00 
[0;32mI (9032) WebSocketTest: Received AUDIO frame, size=513[0m
[0;32mI (9042) WebSocketTest: Audio chunk size=513, first 8 bytes:[0m
26 00 26 00 28 00 2B 00 
[0;32mI (9042) WebSocketTest: Audio chunk last 8 bytes:[0m
00 51 00 4E 00 4B 00 00 
[0;32mI (9052) WebSocketTest: Received AUDIO frame, size=513[0m
[0;32mI (9062) WebSocketTest: Audio chunk size=513, first 8 bytes:[0m
4A 00 47 00 46 00 46 00 
[0;32mI (9062) WebSocketTest: Audio chunk last 8 bytes:[0m
00 5A 00 5F 00 61 00 00 
[0;32mI (9072) WebSocketTest: Received AUDIO frame, size=513[0m
[0;32mI (9082) WebSocketTest: Audio chunk size=513, first 8 bytes:[0m
61 00 5F 00 61 00 61 00 
[0;32mI (9082) WebSocketTest: Audio chunk last 8 bytes:[0m
00 27 00 24 00 22 00 00 
[0;32mI (9082) WebSocketTest: Received AUDIO frame, size=513[0m
[0;32mI (9092) WebSocketTest: Audio chunk size=513, first 8 bytes:[0m
23 00 21 00 1E 00 1D 00 
[0;32mI (9102) WebSocketTest: Audio chunk last 8 bytes:[0m
FF BF FF BA FF B5 FF 00 
[0;32mI (9102) WebSocketTest: Received AUDIO frame, size=513[0m
[0;32mI (9112) WebSocketTest: Audio chunk size=513, first 8 bytes:[0m
B3 FF B5 FF B4 FF B4 FF 
[0;32mI (9122) WebSocketTest: Audio chunk last 8 bytes:[0m
FF E8 FF E8 FF E8 FF 00 
[0;32mI (9122) WebSocketTest: Received AUDIO frame, size=513[0m
[0;32mI (9132) WebSocketTest: Audio chunk size=513, first 8 bytes:[0m
E7 FF E7 FF E9 FF E8 FF 
[0;32mI (9142) WebSocketTest: Audio chunk last 8 bytes:[0m
00 21 00 20 00 1F 00 00 
[0;32mI (9142) WebSocketTest: Received AUDIO frame, size=513[0m
[0;32mI (9152) WebSocketTest: Audio chunk size=513, first 8 bytes:[0m
1F 00 21 00 24 00 26 00 
[0;32mI (9152) WebSocketTest: Audio chunk last 8 bytes:[0m
00 B6 00 B7 00 B5 00 00 
[0;32mI (9162) WebSocketTest: Received AUDIO frame, size=513[0m
[0;32mI (9172) WebSocketTest: Audio chunk size=513, first 8 bytes:[0m
B6 00 BA 00 B9 00 B6 00 
[0;32mI (9172) WebSocketTest: Audio chunk last 8 bytes:[0m
00 F8 00 F6 00 F8 00 00 
[0;32mI (9182) WebSocketTest: Received AUDIO frame, size=513[0m
[0;32mI (9192) WebSocketTest: Audio chunk size=513, first 8 bytes:[0m
FA 00 FC 00 FD 00 FC 00 
[0;32mI (9192) WebSocketTest: Audio chunk last 8 bytes:[0m
FF DE FF DD FF DC FF 00 
[0;32mI (9202) WebSocketTest: Received AUDIO frame, size=513[0m
[0;32mI (9212) WebSocketTest: Audio chunk size=513, first 8 bytes:[0m
DA FF DA FF DB FF DC FF 
[0;32mI (9212) WebSocketTest: Audio chunk last 8 bytes:[0m
FE B9 FE B9 FE B5 FE 00 
[0;32mI (9222) WebSocketTest: Received AUDIO frame, size=513[0m
[0;32mI (9232) WebSocketTest: Audio chunk size=513, first 8 bytes:[0m
B3 FE B5 FE B4 FE B2 FE 
[0;32mI (9232) WebSocketTest: Audio chunk last 8 bytes:[0m
FE EE FE F0 FE F3 FE 00 
[0;32mI (9242) WebSocketTest: Received AUDIO frame, size=513[0m
[0;32mI (9252) WebSocketTest: Audio chunk size=513, first 8 bytes:[0m
F5 FE F6 FE FA FE FC FE 
[0;32mI (9252) WebSocketTest: Audio chunk last 8 bytes:[0m
FF 7E FF 7F FF 82 FF 00 
[0;32mI (9262) WebSocketTest: Received AUDIO frame, size=513[0m
[0;32mI (9272) WebSocketTest: Audio chunk size=513, first 8 bytes:[0m
81 FF 80 FF 7E FF 7D FF 
[0;32mI (9272) WebSocketTest: Audio chunk last 8 bytes:[0m
00 14 00 12 00 13 00 00 
[0;32mI (9282) WebSocketTest: Received AUDIO frame, size=513[0m
[0;32mI (9292) WebSocketTest: Audio chunk size=513, first 8 bytes:[0m
18 00 18 00 16 00 15 00 
[0;32mI (9292) WebSocketTest: Audio chunk last 8 bytes:[0m
00 56 00 50 00 51 00 00 
[0;32mI (9302) WebSocketTest: Received AUDIO frame, size=513[0m
[0;32mI (9312) WebSocketTest: Audio chunk size=513, first 8 bytes:[0m
52 00 51 00 57 00 5F 00 
[0;32mI (9312) WebSocketTest: Audio chunk last 8 bytes:[0m
00 0B 00 0B 00 09 00 00 
[0;32mI (9312) WebSocketTest: Received AUDIO frame, size=513[0m
[0;32mI (9332) WebSocketTest: Sent: Test message 2[0m
[0;32mI (9332) WebSocketTest: Audio chunk size=513, first 8 bytes:[0m
09 00 09 00 08 00 07 00 
[0;32mI (9332) WebSocketTest: Audio chunk last 8 bytes:[0m
FF C4 FF BF FF BF FF 00 
[0;32mI (9342) WebSocketTest: Received AUDIO frame, size=513[0m
[0;32mI (9352) WebSocketTest: Audio chunk size=513, first 8 bytes:[0m
C3 FF C5 FF C6 FF C6 FF 
[0;32mI (9352) WebSocketTest: Audio chunk last 8 bytes:[0m
FF 6F FF 71 FF 6E FF 00 
[0;32mI (9362) WebSocketTest: Received AUDIO frame, size=513[0m
[0;32mI (9372) WebSocketTest: Audio chunk size=513, first 8 bytes:[0m
68 FF 63 FF 64 FF 68 FF 
[0;32mI (9372) WebSocketTest: Audio chunk last 8 bytes:[0m
FF B7 FF B9 FF BC FF 00 
[0;32mI (9382) WebSocketTest: Received AUDIO frame, size=513[0m
[0;32mI (9392) WebSocketTest: Audio chunk size=513, first 8 bytes:[0m
C1 FF C0 FF BE FF BE FF 
[0;32mI (9392) WebSocketTest: Audio chunk last 8 bytes:[0m
FF EC FF E9 FF E6 FF 00 
[0;32mI (9402) WebSocketTest: Received AUDIO frame, size=513[0m
[0;32mI (9402) WebSocketTest: Audio chunk size=513, first 8 bytes:[0m
E7 FF E8 FF EB FF EB FF 
[0;32mI (9412) WebSocketTest: Audio chunk last 8 bytes:[0m
00 8E 00 92 00 97 00 00 
[0;32mI (9412) WebSocketTest: Received AUDIO frame, size=513[0m
[0;32mI (9422) WebSocketTest: Audio chunk size=513, first 8 bytes:[0m
9A 00 98 00 97 00 97 00 
[0;32mI (9432) WebSocketTest: Audio chunk last 8 bytes:[0m
01 0F 01 0D 01 0D 01 00 
[0;32mI (9432) WebSocketTest: Received AUDIO frame, size=513[0m
[0;32mI (9442) WebSocketTest: Audio chunk size=513, first 8 bytes:[0m
10 01 0F 01 11 01 14 01 
[0;32mI (9452) WebSocketTest: Audio chunk last 8 bytes:[0m
01 30 01 2F 01 31 01 00 
[0;32mI (9452) WebSocketTest: Received AUDIO frame, size=513[0m
[0;32mI (9462) WebSocketTest: Audio chunk size=513, first 8 bytes:[0m
33 01 38 01 38 01 37 01 
[0;32mI (9472) WebSocketTest: Audio chunk last 8 bytes:[0m
01 A8 01 A9 01 A7 01 00 
[0;32mI (9472) WebSocketTest: Received AUDIO frame, size=513[0m
[0;32mI (9482) WebSocketTest: Audio chunk size=513, first 8 bytes:[0m
A7 01 AA 01 AE 01 B1 01 
[0;32mI (9482) WebSocketTest: Audio chunk last 8 bytes:[0m
01 EE 01 F0 01 EE 01 00 
[0;32mI (9492) WebSocketTest: Received AUDIO frame, size=513[0m
[0;32mI (9502) WebSocketTest: Audio chunk size=513, first 8 bytes:[0m
EC 01 F1 01 F3 01 EC 01 
[0;32mI (9502) WebSocketTest: Audio chunk last 8 bytes:[0m
01 4D 01 4A 01 46 01 00 
[0;32mI (9512) WebSocketTest: Received AUDIO frame, size=513[0m
[0;32mI (9522) WebSocketTest: Audio chunk size=513, first 8 bytes:[0m
46 01 44 01 3F 01 3C 01 
[0;32mI (9522) WebSocketTest: Audio chunk last 8 bytes:[0m
00 6C 00 70 00 6D 00 00 
