Command: /home/julien/.espressif/python_env/idf5.5_py3.10_env/bin/python /home/julien/esp/esp-idf/tools/idf_monitor.py -p /dev/ttyUSB0 -b 115200 --toolchain-prefix xtensa-esp32-elf- --target esp32 --revision 0 /home/julien/Documents/esp32IDF/hello_world/build/hello_world.elf /home/julien/Documents/esp32IDF/hello_world/build/bootloader/bootloader.elf -m '/home/julien/.espressif/python_env/idf5.5_py3.10_env/bin/python' '/home/julien/esp/esp-idf/tools/idf.py'
ï¿½ï¿½ï¿½ï¿½ï¿½ï¿½ï¿½eRï¿½-ï¿½ï¿½	ï¿½ï¿½&Sï¿½SHBC!Í³ï¿½01=ï¿½ï¿½ï¿½UMQUï¿½"bï¿½Kï¿½L&B*%ï¿½eï¿½*ï¿½e
ï¿½%=ï¿½%ï¿½
0ï¿½eï¿½ï¿½V'ï¿½b
ï¿½ï¿½Â•ï¿½Cï¿½ï¿½ï¿½ï¿½EÉ–ï¿½ï¿½ï¿½ï¿½0)}"ï¿½ï¿½00`AÉ–i0bÍ³%É–i0	ï¿½Eï¿½Kï¿½ï¿½bï¿½ï¿½ï¿½Eï¿½ï¿½00`
AY'Tï¿½ ï¿½ï¿½/ï¿½-"KRï¿½+ï¿½Jï¿½P3ï¿½ï¿½ï¿½ï¿½Sï¿½)Kï¿½iï¿½j
+ï¿½ï¿½'ï¿½ï¿½ï¿½Wï¿½Pï¿½Pï¿½%Kï¿½ï¿½%ï¿½j
ï¿½+ï¿½Jï¿½ï¿½ï¿½ï¿½b[ï¿½ï¿½ï¿½ï¿½j
 ï¿½Eï¿½V `i0ï¿½ï¿½j
[0;32mI (26) boot: ESP-IDF v5.5-dev-2290-g94cfe394fe 2nd stage bootloader[0m
[0;32mI (26) boot: compile time Apr  6 2025 22:42:57[0m
[0;32mI (26) boot: Multicore bootloader[0m
[0;32mI (29) boot: chip revision: v1.1[0m
[0;32mI (32) boot.esp32: SPI Speed      : 40MHz[0m
[0;32mI (36) boot.esp32: SPI Mode       : DIO[0m
[0;32mI (39) boot.esp32: SPI Flash Size : 4MB[0m
[0;32mI (43) boot: Enabling RNG early entropy source...[0m
[0;32mI (47) boot: Partition Table:[0m
[0;32mI (50) boot: ## Label            Usage          Type ST Offset   Length[0m
[0;32mI (56) boot:  0 nvs              WiFi data        01 02 00009000 00004000[0m
[0;32mI (63) boot:  1 otadata          OTA data         01 00 0000d000 00002000[0m
[0;32mI (69) boot:  2 phy_init         RF data          01 01 0000f000 00001000[0m
[0;32mI (76) boot:  3 factory          factory app      00 00 00010000 00101000[0m
[0;32mI (82) boot:  4 ota_0            OTA app          00 10 00120000 00101000[0m
[0;32mI (89) boot:  5 ota_1            OTA app          00 11 00230000 00101000[0m
[0;32mI (95) boot:  6 coredump         Unknown data     01 03 00331000 00010000[0m
[0;32mI (102) boot: End of partition table[0m
[0;32mI (105) boot: Defaulting to factory image[0m
[0;32mI (109) esp_image: segment 0: paddr=00010020 vaddr=3f400020 size=2acd0h (175312) map[0m
[0;32mI (176) esp_image: segment 1: paddr=0003acf8 vaddr=3ff80000 size=0001ch (    28) load[0m
[0;32mI (177) esp_image: segment 2: paddr=0003ad1c vaddr=3ffb0000 size=0492ch ( 18732) load[0m
[0;32mI (187) esp_image: segment 3: paddr=0003f650 vaddr=40080000 size=009c8h (  2504) load[0m
[0;32mI (189) esp_image: segment 4: paddr=00040020 vaddr=400d0020 size=b5be4h (744420) map[0m
[0;32mI (450) esp_image: segment 5: paddr=000f5c0c vaddr=400809c8 size=1aaach (109228) load[0m
[0;32mI (506) boot: Loaded app from partition at offset 0x10000[0m
[0;32mI (506) boot: Disabling RNG early entropy source...[0m
[0;32mI (516) cpu_start: Multicore app[0m
[0;32mI (525) cpu_start: Pro cpu start user code[0m
[0;32mI (525) cpu_start: cpu freq: 160000000 Hz[0m
[0;32mI (525) app_init: Application information:[0m
[0;32mI (525) app_init: Project name:     hello_world[0m
[0;32mI (529) app_init: App version:      7032f64-dirty[0m
[0;32mI (533) app_init: Compile time:     Apr 10 2025 17:38:10[0m
[0;32mI (538) app_init: ELF file SHA256:  3f1069c70...[0m
[0;32mI (543) app_init: ESP-IDF:          v5.5-dev-2290-g94cfe394fe[0m
[0;32mI (548) efuse_init: Min chip rev:     v0.0[0m
[0;32mI (552) efuse_init: Max chip rev:     v3.99 [0m
[0;32mI (556) efuse_init: Chip rev:         v1.1[0m
[0;32mI (560) heap_init: Initializing. RAM available for dynamic allocation:[0m
[0;32mI (566) heap_init: At 3FFAE6E0 len 00001920 (6 KiB): DRAM[0m
[0;32mI (571) heap_init: At 3FFBBC68 len 00024398 (144 KiB): DRAM[0m
[0;32mI (577) heap_init: At 3FFE0440 len 00003AE0 (14 KiB): D/IRAM[0m
[0;32mI (582) heap_init: At 3FFE4350 len 0001BCB0 (111 KiB): D/IRAM[0m
[0;32mI (587) heap_init: At 4009B474 len 00004B8C (18 KiB): IRAM[0m
[0;32mI (594) spi_flash: detected chip: generic[0m
[0;32mI (596) spi_flash: flash io: dio[0m
[0;33mW (599) i2s(legacy): legacy i2s driver is deprecated, please migrate to use driver/i2s_std.h, driver/i2s_pdm.h or driver/i2s_tdm.h[0m
[0;33mW (611) ADC: legacy driver is deprecated, please migrate to `esp_adc/adc_oneshot.h`[0m
[0;32mI (619) esp_core_dump_flash: Init core dump to flash[0m
[0;32mI (624) esp_core_dump_flash: Found partition 'coredump' @ 331000 65536 bytes[0m
[0;32mI (649) esp_core_dump_flash: Core dump data checksum is correct[0m
[0;32mI (649) esp_core_dump_flash: Found core dump 14532 bytes in flash @ 0x331000[0m
[0;32mI (651) main_task: Started on CPU0[0m
[0;32mI (661) main_task: Calling app_main()[0m
[0;32mI (661) MAIN: Starting app_main...[0m
[0;32mI (661) MAIN: Initializing LED strip...[0m
[0;32mI (661) led_button_blink: Create RMT TX channel[0m
[0;32mI (661) led_button_blink: Install LED strip encoder[0m
[0;32mI (771) MAIN: Initializing Wi-Fi...[0m
[0;32mI (801) WIFI_MGR: Loaded Wi-Fi creds from NVS: SSID=Partagedeco[0m
[0;32mI (811) wifi:wifi driver task: 3ffc3fdc, prio:23, stack:6656, core=0[0m
[0;32mI (821) wifi:wifi firmware version: 3a3aca644[0m
[0;32mI (831) wifi:wifi certification version: v7.0[0m
[0;32mI (831) wifi:config NVS flash: enabled[0m
[0;32mI (831) wifi:config nano formatting: disabled[0m
[0;32mI (831) wifi:Init data frame dynamic rx buffer num: 32[0m
[0;32mI (831) wifi:Init static rx mgmt buffer num: 5[0m
[0;32mI (841) wifi:Init management short buffer num: 32[0m
[0;32mI (841) wifi:Init dynamic tx buffer num: 32[0m
[0;32mI (851) wifi:Init static rx buffer size: 1600[0m
[0;32mI (851) wifi:Init static rx buffer num: 10[0m
[0;32mI (851) wifi:Init dynamic rx buffer num: 32[0m
[0;32mI (861) wifi_init: rx ba win: 6[0m
[0;32mI (861) wifi_init: accept mbox: 6[0m
[0;32mI (861) wifi_init: tcpip mbox: 32[0m
[0;32mI (871) wifi_init: udp mbox: 6[0m
[0;32mI (871) wifi_init: tcp mbox: 6[0m
[0;32mI (871) wifi_init: tcp tx win: 5760[0m
[0;32mI (881) wifi_init: tcp rx win: 5760[0m
[0;32mI (881) wifi_init: tcp mss: 1440[0m
[0;32mI (881) wifi_init: WiFi IRAM OP enabled[0m
[0;32mI (891) wifi_init: WiFi RX IRAM OP enabled[0m
[0;32mI (901) phy_init: phy_version 4860,6b7a6e5,Feb  6 2025,14:47:07[0m
[0;32mI (981) wifi:mode : sta (94:54:c5:b1:6d:3c)[0m
[0;32mI (981) wifi:enable tsf[0m
[0;32mI (981) wifi:Set ps type: 0, coexist: 0[0m

[0;32mI (991) WIFI_MGR: STA init done. Trying SSID: Partagedeco[0m
[0;32mI (1081) wifi:new:<1,0>, old:<1,0>, ap:<255,255>, sta:<1,0>, prof:1, snd_ch_cfg:0x0[0m
[0;32mI (1081) wifi:state: init -> auth (0xb0)[0m
[0;32mI (1091) MAIN: Creating LED debug task...[0m
[0;32mI (1091) wifi:state: auth -> assoc (0x0)[0m
[0;32mI (1091) LED_DEBUG_TASK: Blinking RED (Wi-Fi not connected)[0m
[0;32mI (1091) wifi:state: assoc -> run (0x10)[0m
[0;32mI (1111) wifi:connected with Partagedeco, aid = 1, channel 1, BW20, bssid = aa:f0:fe:0d:99:0e[0m
[0;32mI (1111) wifi:security: WPA2-PSK, phy: bgn, rssi: -31[0m
[0;32mI (1121) wifi:pm start, type: 0[0m

[0;32mI (1121) wifi:dp: 1, bi: 102400, li: 3, scale listen interval from 307200 us to 307200 us[0m
[0;32mI (1181) wifi:dp: 2, bi: 102400, li: 4, scale listen interval from 307200 us to 409600 us[0m
[0;32mI (1181) wifi:AP's beacon interval = 102400 us, DTIM period = 2[0m
[0;32mI (1201) MAIN: Waiting for Wi-Fi connection result...[0m
[0;32mI (2101) LED_DEBUG_TASK: Blinking RED (Wi-Fi not connected)[0m
[0;32mI (2161) esp_netif_handlers: sta ip: 10.189.25.7, mask: 255.255.255.0, gw: 10.189.25.30[0m
[0;32mI (2161) WIFI_MGR: STA got IP: 10.189.25.7[0m
[0;32mI (2261) MAIN: Wi-Fi Connected (STA mode). Starting other services...[0m
[0;32mI (2261) MAIN: Initializing WebSocket Manager...[0m
[0;33mW (2261) CORE_DUMP_MGR: Coredump found at offset=0x00331000 size=14532 bytes[0m
[1;31mE (2261) CORE_DUMP_MGR: Failed to read coredump from partition: ESP_ERR_INVALID_ARG[0m
[0;32mI (2271) WS_MGR: Loaded existing API key from NVS: 3E82CAA32D7D1ECBD927F8E7A29E683A[0m
[0;32mI (2281) WS_MGR: Final WebSocket headers:[0m
X-API-Key: 3E82CAA32D7D1ECBD927F8E7A29E683A

[0;32mI (2291) websocket_client: Started[0m
[0;32mI (2291) WS_MGR: WebSocket started with header [X-API-Key: 3E82CAA32D7D1ECBD927F8E7A29E683A[0m
]
[0;32mI (2301) WS_MGR: audio_consumer_task starting![0m
[0;32mI (2301) WS_MGR: ringbuf_monitor_task starting![0m
[0;32mI (2301) WS_MGR: [RingBuf Monitor] used=0, free=32768 (of 32768)[0m
[0;32mI (2401) MAIN: Initializing Button...[0m
[0;32mI (2401) led_button_blink: Configuring button on GPIO 14[0m
[0;32mI (2401) gpio: GPIO[14]| InputEn: 1| OutputEn: 0| OpenDrain: 0| Pullup: 1| Pulldown: 0| Intr:0 [0m
[0;32mI (2501) MAIN: Initializing Audio Player...[0m
[0;32mI (2501) AudioPlayer: audio_task started[0m
[0;32mI (2501) AudioPlayer: Audio player initialized. sample_rate=8000[0m
[0;32mI (2511) WS_MGR: [RingBuf Monitor] used=0, free=32768 (of 32768)[0m
[0;32mI (2561) wifi:<ba-add>idx:0 (ifx:0, aa:f0:fe:0d:99:0e), tid:0, ssn:3, winSize:64[0m
[0;32mI (2601) MAIN: Initializing Audio Recorder...[0m
[1;31mE (2601) i2s(legacy): i2s_alloc_dma_buffer(587): Error malloc dma buffer[0m
[1;31mE (2601) i2s(legacy): i2s_realloc_dma_buffer(630): Failed to allocate dma buffer[0m
[1;31mE (2601) i2s(legacy): i2s_init_legacy(1577): Allocate I2S dma rx buffer failed[0m
[0;32mI (2601) WS_MGR: WebSocket connected[0m
[1;31mE (2611) i2s(legacy): i2s_driver_install(1699): I2S init failed[0m
ESP_ERROR_CHECK failed: esp_err_t 0x101 (ESP_ERR_NO_MEM) at 0x400dc842
file: "./main/audio_record.c" line 56
func: i2s_init_for_mic
expression: i2s_driver_install(MIC_I2S_PORT, &i2s_config, 0, NULL)

abort() was called at PC 0x4008b95b on core 0


Backtrace: 0x40081ce9:0x3fffd730 0x4008b965:0x3fffd750 0x40094351:0x3fffd770 0x4008b95b:0x3fffd7e0 0x400dc842:0x3fffd810 0x400dc87f:0x3fffd890 0x4008c431:0x3fffdac0




ELF file SHA256: 3f1069c70

[0;32mI (2664) esp_core_dump_flash: Save core dump to flash...[0m
[0;32mI (2670) esp_core_dump_flash: Erase flash 28672 bytes @ 0x331000[0m
[0;32mI (2923) esp_core_dump_flash: Write end offset 0x6de4, check sum length 4[0m
[0;32mI (2923) esp_core_dump_flash: Core dump has been saved to flash.[0m
Rebooting...
ets Jun  8 2016 00:22:57

rst:0xc (SW_CPU_RESET),boot:0x12 (SPI_FAST_FLASH_BOOT)
configsip: 0, SPIWP:0xee
clk_drv:0x00,q_drv:0x00,d_drv:0x00,cs0_drv:0x00,hd_drv:0x00,wp_drv:0x00
mode:DIO, clock div:2
load:0x3fff0030,len:6368
load:0x40078000,len:15880
load:0x40080400,len:3860
entry 0x40080638
[0;32mI (27) boot: ESP-IDF v5.5-dev-2290-g94cfe394fe 2nd stage bootloader[0m
[0;32mI (27) boot: compile time Apr  6 2025 22:42:57[0m
[0;32mI (27) boot: Multicore bootloader[0m
[0;32mI (30) boot: chip revision: v1.1[0m
[0;32mI (33) boot.esp32: SPI Speed      : 40MHz[0m
[0;32mI (37) boot.esp32: SPI Mode       : DIO[0m
[0;32mI (40) boot.esp32: SPI Flash Size : 4MB[0m
[0;32mI (44) boot: Enabling RNG early entropy source...[0m
[0;32mI (48) boot: Partition Table:[0m
[0;32mI (51) boot: ## Label            Usage          Type ST Offset   Length[0m
[0;32mI (57) boot:  0 nvs              WiFi data        01 02 00009000 00004000[0m
[0;32mI (64) boot:  1 otadata          OTA data         01 00 0000d000 00002000[0m
[0;32mI (70) boot:  2 phy_init         RF data          01 01 0000f000 00001000[0m
[0;32mI (77) boot:  3 factory          factory app      00 00 00010000 00101000[0m
[0;32mI (83) boot:  4 ota_0            OTA app          00 10 00120000 00101000[0m
[0;32mI (90) boot:  5 ota_1            OTA app          00 11 00230000 00101000[0m
[0;32mI (96) boot:  6 coredump         Unknown data     01 03 00331000 00010000[0m
[0;32mI (103) boot: End of partition table[0m
[0;32mI (106) boot: Defaulting to factory image[0m
[0;32mI (110) esp_image: segment 0: paddr=00010020 vaddr=3f400020 size=2acd0h (175312) map[0m
[0;32mI (177) esp_image: segment 1: paddr=0003acf8 vaddr=3ff80000 size=0001ch (    28) load[0m
[0;32mI (178) esp_image: segment 2: paddr=0003ad1c vaddr=3ffb0000 size=0492ch ( 18732) load[0m
[0;32mI (188) esp_image: segment 3: paddr=0003f650 vaddr=40080000 size=009c8h (  2504) load[0m
[0;32mI (190) esp_image: segment 4: paddr=00040020 vaddr=400d0020 size=b5be4h (744420) map[0m
[0;32mI (451) esp_image: segment 5: paddr=000f5c0c vaddr=400809c8 size=1aaach (109228) load[0m
[0;32mI (507) boot: Loaded app from partition at offset 0x10000[0m
[0;32mI (507) boot: Disabling RNG early entropy source...[0m
[0;32mI (517) cpu_start: Multicore app[0m
[0;32mI (526) cpu_start: Pro cpu start user code[0m
[0;32mI (526) cpu_start: cpu freq: 160000000 Hz[0m
[0;32mI (526) app_init: Application information:[0m
[0;32mI (526) app_init: Project name:     hello_world[0m
[0;32mI (530) app_init: App version:      7032f64-dirty[0m
[0;32mI (534) app_init: Compile time:     Apr 10 2025 17:38:10[0m
[0;32mI (540) app_init: ELF file SHA256:  3f1069c70...[0m
[0;32mI (544) app_init: ESP-IDF:          v5.5-dev-2290-g94cfe394fe[0m
[0;32mI (549) efuse_init: Min chip rev:     v0.0[0m
[0;32mI (553) efuse_init: Max chip rev:     v3.99 [0m
[0;32mI (557) efuse_init: Chip rev:         v1.1[0m
[0;32mI (561) heap_init: Initializing. RAM available for dynamic allocation:[0m
[0;32mI (567) heap_init: At 3FFAE6E0 len 00001920 (6 KiB): DRAM[0m
[0;32mI (572) heap_init: At 3FFBBC68 len 00024398 (144 KiB): DRAM[0m
[0;32mI (578) heap_init: At 3FFE0440 len 00003AE0 (14 KiB): D/IRAM[0m
[0;32mI (583) heap_init: At 3FFE4350 len 0001BCB0 (111 KiB): D/IRAM[0m
[0;32mI (589) heap_init: At 4009B474 len 00004B8C (18 KiB): IRAM[0m
[0;32mI (595) spi_flash: detected chip: generic[0m
[0;32mI (597) spi_flash: flash io: dio[0m
[0;33mW (601) i2s(legacy): legacy i2s driver is deprecated, please migrate to use driver/i2s_std.h, driver/i2s_pdm.h or driver/i2s_tdm.h[0m
[0;33mW (612) ADC: legacy driver is deprecated, please migrate to `esp_adc/adc_oneshot.h`[0m
[0;32mI (620) esp_core_dump_flash: Init core dump to flash[0m
[0;32mI (625) esp_core_dump_flash: Found partition 'coredump' @ 331000 65536 bytes[0m
[0;32mI (669) esp_core_dump_flash: Core dump data checksum is correct[0m
[0;32mI (669) esp_core_dump_flash: Found core dump 28132 bytes in flash @ 0x331000[0m
[0;32mI (671) main_task: Started on CPU0[0m
[0;32mI (681) main_task: Calling app_main()[0m
[0;32mI (681) MAIN: Starting app_main...[0m
[0;32mI (681) MAIN: Initializing LED strip...[0m
[0;32mI (681) led_button_blink: Create RMT TX channel[0m
[0;32mI (681) led_button_blink: Install LED strip encoder[0m
[0;32mI (791) MAIN: Initializing Wi-Fi...[0m
[0;32mI (821) WIFI_MGR: Loaded Wi-Fi creds from NVS: SSID=Partagedeco[0m
[0;32mI (831) wifi:wifi driver task: 3ffc3fdc, prio:23, stack:6656, core=0[0m
[0;32mI (841) wifi:wifi firmware version: 3a3aca644[0m
[0;32mI (851) wifi:wifi certification version: v7.0[0m
[0;32mI (851) wifi:config NVS flash: enabled[0m
[0;32mI (851) wifi:config nano formatting: disabled[0m
[0;32mI (851) wifi:Init data frame dynamic rx buffer num: 32[0m
[0;32mI (851) wifi:Init static rx mgmt buffer num: 5[0m
[0;32mI (861) wifi:Init management short buffer num: 32[0m
[0;32mI (861) wifi:Init dynamic tx buffer num: 32[0m
[0;32mI (871) wifi:Init static rx buffer size: 1600[0m
[0;32mI (871) wifi:Init static rx buffer num: 10[0m
[0;32mI (871) wifi:Init dynamic rx buffer num: 32[0m
[0;32mI (881) wifi_init: rx ba win: 6[0m
[0;32mI (881) wifi_init: accept mbox: 6[0m
[0;32mI (881) wifi_init: tcpip mbox: 32[0m
[0;32mI (891) wifi_init: udp mbox: 6[0m
[0;32mI (891) wifi_init: tcp mbox: 6[0m
[0;32mI (891) wifi_init: tcp tx win: 5760[0m
[0;32mI (901) wifi_init: tcp rx win: 5760[0m
[0;32mI (901) wifi_init: tcp mss: 1440[0m
[0;32mI (901) wifi_init: WiFi IRAM OP enabled[0m
[0;32mI (911) wifi_init: WiFi RX IRAM OP enabled[0m
[0;32mI (921) phy_init: phy_version 4860,6b7a6e5,Feb  6 2025,14:47:07[0m
[0;32mI (1001) wifi:mode : sta (94:54:c5:b1:6d:3c)[0m
[0;32mI (1001) wifi:enable tsf[0m
[0;32mI (1001) wifi:Set ps type: 0, coexist: 0[0m

[0;32mI (1001) WIFI_MGR: STA init done. Trying SSID: Partagedeco[0m
[0;32mI (1011) wifi:new:<1,0>, old:<1,0>, ap:<255,255>, sta:<1,0>, prof:1, snd_ch_cfg:0x0[0m
[0;32mI (1021) wifi:state: init -> auth (0xb0)[0m
[0;32mI (1021) wifi:state: auth -> assoc (0x0)[0m
[0;32mI (1021) wifi:Association refused temporarily time 1269, comeback time 1369 (TUs)[0m
[0;32mI (1101) MAIN: Creating LED debug task...[0m
[0;32mI (1101) LED_DEBUG_TASK: Blinking RED (Wi-Fi not connected)[0m
[0;32mI (1201) MAIN: Waiting for Wi-Fi connection result...[0m
[0;32mI (2101) LED_DEBUG_TASK: Blinking RED (Wi-Fi not connected)[0m
[0;32mI (2431) wifi:state: assoc -> assoc (0x0)[0m
[0;32mI (2431) wifi:state: assoc -> init (0x6c0)[0m
[0;32mI (2441) wifi:new:<1,0>, old:<1,0>, ap:<255,255>, sta:<1,0>, prof:1, snd_ch_cfg:0x0[0m
[0;32mI (2441) WIFI_MGR: Retrying STA... (1/5)[0m
[0;32mI (3101) LED_DEBUG_TASK: Blinking RED (Wi-Fi not connected)[0m
[0;32mI (4101) LED_DEBUG_TASK: Blinking RED (Wi-Fi not connected)[0m
[0;32mI (4861) WIFI_MGR: Retrying STA... (2/5)[0m
[0;32mI (4871) wifi:new:<1,0>, old:<1,0>, ap:<255,255>, sta:<1,0>, prof:1, snd_ch_cfg:0x0[0m
[0;32mI (4871) wifi:state: init -> auth (0xb0)[0m
[0;32mI (4881) wifi:state: auth -> assoc (0x0)[0m
[0;32mI (4891) wifi:state: assoc -> run (0x10)[0m
[0;32mI (4901) wifi:connected with Partagedeco, aid = 1, channel 1, BW20, bssid = aa:f0:fe:0d:99:0e[0m
[0;32mI (4901) wifi:security: WPA2-PSK, phy: bgn, rssi: -32[0m
[0;32mI (4921) wifi:pm start, type: 0[0m

[0;32mI (4921) wifi:dp: 1, bi: 102400, li: 3, scale listen interval from 307200 us to 307200 us[0m
[0;32mI (5001) wifi:dp: 2, bi: 102400, li: 4, scale listen interval from 307200 us to 409600 us[0m
[0;32mI (5001) wifi:AP's beacon interval = 102400 us, DTIM period = 2[0m
[0;32mI (5101) LED_DEBUG_TASK: Blinking RED (Wi-Fi not connected)[0m
[0;32mI (5951) esp_netif_handlers: sta ip: 10.189.25.7, mask: 255.255.255.0, gw: 10.189.25.30[0m
[0;32mI (5951) WIFI_MGR: STA got IP: 10.189.25.7[0m
[0;32mI (6051) MAIN: Wi-Fi Connected (STA mode). Starting other services...[0m
[0;32mI (6051) MAIN: Initializing WebSocket Manager...[0m
[0;33mW (6051) CORE_DUMP_MGR: Coredump found at offset=0x00331000 size=28132 bytes[0m
[1;31mE (6051) CORE_DUMP_MGR: Failed to read coredump from partition: ESP_ERR_INVALID_ARG[0m
[0;32mI (6061) WS_MGR: Loaded existing API key from NVS: 3E82CAA32D7D1ECBD927F8E7A29E683A[0m
[0;32mI (6071) WS_MGR: Final WebSocket headers:[0m
X-API-Key: 3E82CAA32D7D1ECBD927F8E7A29E683A

[0;32mI (6081) websocket_client: Started[0m
[0;32mI (6081) WS_MGR: WebSocket started with header [X-API-Key: 3E82CAA32D7D1ECBD927F8E7A29E683A[0m
]
[0;32mI (6091) WS_MGR: audio_consumer_task starting![0m
[0;32mI (6091) WS_MGR: ringbuf_monitor_task starting![0m
[0;32mI (6091) WS_MGR: [RingBuf Monitor] used=0, free=32768 (of 32768)[0m
[0;32mI (6101) LED_DEBUG_TASK: Solid RED (Wi-Fi connected, WS not connected)[0m
[0;32mI (6131) wifi:<ba-add>idx:0 (ifx:0, aa:f0:fe:0d:99:0e), tid:0, ssn:3, winSize:64[0m
[0;32mI (6181) WS_MGR: WebSocket connected[0m
[0;32mI (6191) MAIN: Initializing Button...[0m
[0;32mI (6191) led_button_blink: Configuring button on GPIO 14[0m
[0;32mI (6191) gpio: GPIO[14]| InputEn: 1| OutputEn: 0| OpenDrain: 0| Pullup: 1| Pulldown: 0| Intr:0 [0m
